Component: ARM Compiler 5.06 update 6 (build 750) Tool: armlink [4d35ed]

==============================================================================

Section Cross References

    main.o(i.DCMI_IRQHandler) refers to stm32f4xx_dcmi.o(i.DCMI_GetFlagStatus) for DCMI_GetFlagStatus
    main.o(i.DCMI_IRQHandler) refers to stm32f4xx_dcmi.o(i.DCMI_ClearFlag) for DCMI_ClearFlag
    main.o(i.DCMI_IRQHandler) refers to stm32f4xx_dma.o(i.DMA_Cmd) for DMA_Cmd
    main.o(i.DCMI_IRQHandler) refers to stm32f4xx_dcmi.o(i.DCMI_Cmd) for DCMI_Cmd
    main.o(i.DCMI_IRQHandler) refers to stm32f4xx_dcmi.o(i.DCMI_CaptureCmd) for DCMI_CaptureCmd
    main.o(i.DMA2_Stream1_IRQHandler) refers to stm32f4xx_dma.o(i.DMA_GetITStatus) for DMA_GetITStatus
    main.o(i.DMA2_Stream1_IRQHandler) refers to stm32f4xx_dma.o(i.DMA_ClearITPendingBit) for DMA_ClearITPendingBit
    main.o(i.DMA2_Stream1_IRQHandler) refers to main.o(.data) for frame_flag
    main.o(i.main) refers to ov7670.o(i.init) for init
    main.o(i.main) refers to ov7670.o(i.Serial_init) for Serial_init
    main.o(i.main) refers to ov7670.o(i.dcmi_init) for dcmi_init
    main.o(i.main) refers to ov7670.o(i.camera_init) for camera_init
    main.o(i.main) refers to ov7670.o(i.SCCB_Delay) for SCCB_Delay
    main.o(i.main) refers to ov7670.o(i.ov_7670_init_for_snapShot) for ov_7670_init_for_snapShot
    main.o(i.main) refers to stm32f4xx_dma.o(i.DMA_Cmd) for DMA_Cmd
    main.o(i.main) refers to ov7670.o(i.start) for start
    main.o(i.main) refers to ov7670.o(i.sccb_write) for sccb_write
    main.o(i.main) refers to ov7670.o(i.stop) for stop
    main.o(i.main) refers to ov7670.o(i.def_as_input) for def_as_input
    main.o(i.main) refers to ov7670.o(i.I2C_ReceiveByte) for I2C_ReceiveByte
    main.o(i.main) refers to stm32f4xx_dcmi.o(i.DCMI_Cmd) for DCMI_Cmd
    main.o(i.main) refers to stm32f4xx_dcmi.o(i.DCMI_CaptureCmd) for DCMI_CaptureCmd
    main.o(i.main) refers to ov7670.o(i.dumpFrame) for dumpFrame
    main.o(i.main) refers to main.o(.data) for inn
    ov7670.o(i.I2C_ReceiveByte) refers to stm32f4xx_gpio.o(i.GPIO_ResetBits) for GPIO_ResetBits
    ov7670.o(i.I2C_ReceiveByte) refers to ov7670.o(i.SCCB_Delay) for SCCB_Delay
    ov7670.o(i.I2C_ReceiveByte) refers to stm32f4xx_gpio.o(i.GPIO_SetBits) for GPIO_SetBits
    ov7670.o(i.I2C_ReceiveByte) refers to stm32f4xx_gpio.o(i.GPIO_ReadInputDataBit) for GPIO_ReadInputDataBit
    ov7670.o(i.Serial_init) refers to stm32f4xx_rcc.o(i.RCC_APB1PeriphClockCmd) for RCC_APB1PeriphClockCmd
    ov7670.o(i.Serial_init) refers to stm32f4xx_rcc.o(i.RCC_AHB1PeriphClockCmd) for RCC_AHB1PeriphClockCmd
    ov7670.o(i.Serial_init) refers to stm32f4xx_gpio.o(i.GPIO_Init) for GPIO_Init
    ov7670.o(i.Serial_init) refers to stm32f4xx_gpio.o(i.GPIO_PinAFConfig) for GPIO_PinAFConfig
    ov7670.o(i.Serial_init) refers to stm32f4xx_usart.o(i.USART_Init) for USART_Init
    ov7670.o(i.Serial_init) refers to stm32f4xx_usart.o(i.USART_ITConfig) for USART_ITConfig
    ov7670.o(i.Serial_init) refers to misc.o(i.NVIC_Init) for NVIC_Init
    ov7670.o(i.Serial_init) refers to misc.o(i.NVIC_PriorityGroupConfig) for NVIC_PriorityGroupConfig
    ov7670.o(i.Serial_init) refers to stm32f4xx_usart.o(i.USART_Cmd) for USART_Cmd
    ov7670.o(i.Serial_log) refers to stm32f4xx_usart.o(i.USART_GetFlagStatus) for USART_GetFlagStatus
    ov7670.o(i.Serial_log) refers to stm32f4xx_usart.o(i.USART_SendData) for USART_SendData
    ov7670.o(i.Serial_read) refers to stm32f4xx_usart.o(i.USART_ReceiveData) for USART_ReceiveData
    ov7670.o(i.Serial_sendb) refers to stm32f4xx_usart.o(i.USART_GetFlagStatus) for USART_GetFlagStatus
    ov7670.o(i.Serial_sendb) refers to stm32f4xx_usart.o(i.USART_SendData) for USART_SendData
    ov7670.o(i.camera_init) refers to ov7670.o(i.multi_write) for multi_write
    ov7670.o(i.dcmi_init) refers to stm32f4xx_rcc.o(i.RCC_AHB1PeriphClockCmd) for RCC_AHB1PeriphClockCmd
    ov7670.o(i.dcmi_init) refers to stm32f4xx_rcc.o(i.RCC_AHB2PeriphClockCmd) for RCC_AHB2PeriphClockCmd
    ov7670.o(i.dcmi_init) refers to stm32f4xx_gpio.o(i.GPIO_Init) for GPIO_Init
    ov7670.o(i.dcmi_init) refers to stm32f4xx_gpio.o(i.GPIO_PinAFConfig) for GPIO_PinAFConfig
    ov7670.o(i.dcmi_init) refers to stm32f4xx_gpio.o(i.GPIO_ResetBits) for GPIO_ResetBits
    ov7670.o(i.dcmi_init) refers to stm32f4xx_gpio.o(i.GPIO_SetBits) for GPIO_SetBits
    ov7670.o(i.dcmi_init) refers to stm32f4xx_dcmi.o(i.DCMI_Init) for DCMI_Init
    ov7670.o(i.dcmi_init) refers to stm32f4xx_dcmi.o(i.DCMI_ITConfig) for DCMI_ITConfig
    ov7670.o(i.dcmi_init) refers to stm32f4xx_dma.o(i.DMA_DeInit) for DMA_DeInit
    ov7670.o(i.dcmi_init) refers to stm32f4xx_dma.o(i.DMA_Init) for DMA_Init
    ov7670.o(i.dcmi_init) refers to stm32f4xx_dma.o(i.DMA_ITConfig) for DMA_ITConfig
    ov7670.o(i.dcmi_init) refers to misc.o(i.NVIC_Init) for NVIC_Init
    ov7670.o(i.dcmi_init) refers to ov7670.o(.bss) for resim
[...]
    Removing supportfunctions.o(i.arm_heap_sort_f32), (120 bytes).
    Removing supportfunctions.o(i.arm_heapify), (170 bytes).
    Removing supportfunctions.o(i.arm_insertion_sort_f32), (142 bytes).
    Removing supportfunctions.o(i.arm_merge_sort_core_f32), (76 bytes).
    Removing supportfunctions.o(i.arm_merge_sort_f32), (62 bytes).
    Removing supportfunctions.o(i.arm_merge_sort_init_f32), (6 bytes).
    Removing supportfunctions.o(i.arm_q15_to_float), (44 bytes).
    Removing supportfunctions.o(i.arm_q15_to_q31), (24 bytes).
    Removing supportfunctions.o(i.arm_q15_to_q7), (26 bytes).
    Removing supportfunctions.o(i.arm_q31_to_float), (40 bytes).
    Removing supportfunctions.o(i.arm_q31_to_q15), (24 bytes).
    Removing supportfunctions.o(i.arm_q31_to_q7), (24 bytes).
    Removing supportfunctions.o(i.arm_q7_to_float), (44 bytes).
    Removing supportfunctions.o(i.arm_q7_to_q15), (26 bytes).
    Removing supportfunctions.o(i.arm_q7_to_q31), (24 bytes).
    Removing supportfunctions.o(i.arm_quick_sort_core_f32), (60 bytes).
    Removing supportfunctions.o(i.arm_quick_sort_f32), (50 bytes).
    Removing supportfunctions.o(i.arm_quick_sort_partition_f32), (168 bytes).
    Removing supportfunctions.o(i.arm_selection_sort_f32), (162 bytes).
    Removing supportfunctions.o(i.arm_sort_f32), (118 bytes).
    Removing supportfunctions.o(i.arm_sort_init_f32), (6 bytes).
    Removing supportfunctions.o(i.arm_spline_f32), (424 bytes).
    Removing supportfunctions.o(i.arm_spline_init_f32), (556 bytes).
    Removing supportfunctions.o(i.arm_weighted_sum_f32), (76 bytes).
    Removing supportfunctions.o(i.topDownMerge), (118 bytes).
    Removing transformfunctions.o(.rev16_text), (4 bytes).
    Removing transformfunctions.o(.revsh_text), (4 bytes).
    Removing transformfunctions.o(.rrx_text), (6 bytes).
    Removing transformfunctions.o(i.arm_bitreversal_16), (74 bytes).
    Removing transformfunctions.o(i.arm_bitreversal_32), (72 bytes).
    Removing transformfunctions.o(i.arm_bitreversal_64), (184 bytes).
    Removing transformfunctions.o(i.arm_bitreversal_f32), (430 bytes).
    Removing transformfunctions.o(i.arm_bitreversal_q15), (134 bytes).
    Removing transformfunctions.o(i.arm_bitreversal_q31), (356 bytes).
    Removing transformfunctions.o(i.arm_cfft_f32), (240 bytes).
    Removing transformfunctions.o(i.arm_cfft_f64), (308 bytes).
    Removing transformfunctions.o(i.arm_cfft_init_f32), (288 bytes).
    Removing transformfunctions.o(i.arm_cfft_init_f64), (288 bytes).
    Removing transformfunctions.o(i.arm_cfft_init_q15), (288 bytes).
    Removing transformfunctions.o(i.arm_cfft_init_q31), (288 bytes).
    Removing transformfunctions.o(i.arm_cfft_q15), (226 bytes).
    Removing transformfunctions.o(i.arm_cfft_q31), (226 bytes).
    Removing transformfunctions.o(i.arm_cfft_radix2_f32), (66 bytes).
    Removing transformfunctions.o(i.arm_cfft_radix2_init_f32), (324 bytes).
    Removing transformfunctions.o(i.arm_cfft_radix2_init_q15), (216 bytes).
    Removing transformfunctions.o(i.arm_cfft_radix2_init_q31), (216 bytes).
    Removing transformfunctions.o(i.arm_cfft_radix2_q15), (52 bytes).
    Removing transformfunctions.o(i.arm_cfft_radix2_q31), (52 bytes).
    Removing transformfunctions.o(i.arm_cfft_radix4_f32), (66 bytes).
    Removing transformfunctions.o(i.arm_cfft_radix4_init_f32), (200 bytes).
    Removing transformfunctions.o(i.arm_cfft_radix4_init_q15), (140 bytes).
    Removing transformfunctions.o(i.arm_cfft_radix4_init_q31), (140 bytes).
    Removing transformfunctions.o(i.arm_cfft_radix4_q15), (58 bytes).
    Removing transformfunctions.o(i.arm_cfft_radix4_q31), (58 bytes).
    Removing transformfunctions.o(i.arm_cfft_radix4by2_f64), (452 bytes).
    Removing transformfunctions.o(i.arm_cfft_radix4by2_inverse_q15), (340 bytes).
    Removing transformfunctions.o(i.arm_cfft_radix4by2_inverse_q31), (374 bytes).
    Removing transformfunctions.o(i.arm_cfft_radix4by2_q15), (340 bytes).
    Removing transformfunctions.o(i.arm_cfft_radix4by2_q31), (376 bytes).
    Removing transformfunctions.o(i.arm_cfft_radix8by2_f32), (778 bytes).
    Removing transformfunctions.o(i.arm_cfft_radix8by4_f32), (1970 bytes).
    Removing transformfunctions.o(i.arm_dct4_f32), (254 bytes).
    Removing transformfunctions.o(i.arm_dct4_init_f32), (164 bytes).
    Removing transformfunctions.o(i.arm_dct4_init_q15), (156 bytes).
    Removing transformfunctions.o(i.arm_dct4_init_q31), (156 bytes).
    Removing transformfunctions.o(i.arm_dct4_q15), (244 bytes).
    Removing transformfunctions.o(i.arm_dct4_q31), (226 bytes).
    Removing transformfunctions.o(i.arm_radix2_butterfly_f32), (772 bytes).
    Removing transformfunctions.o(i.arm_radix2_butterfly_inverse_f32), (802 bytes).
    Removing transformfunctions.o(i.arm_radix2_butterfly_inverse_q15), (1492 bytes).
    Removing transformfunctions.o(i.arm_radix2_butterfly_inverse_q31), (1076 bytes).
    Removing transformfunctions.o(i.arm_radix2_butterfly_q15), (1628 bytes).
    Removing transformfunctions.o(i.arm_radix2_butterfly_q31), (1102 bytes).
    Removing transformfunctions.o(i.arm_radix4_butterfly_f32), (666 bytes).
    Removing transformfunctions.o(i.arm_radix4_butterfly_f64), (1202 bytes).
    Removing transformfunctions.o(i.arm_radix4_butterfly_inverse_f32), (1140 bytes).
    Removing transformfunctions.o(i.arm_radix4_butterfly_inverse_q15), (1760 bytes).
    Removing transformfunctions.o(i.arm_radix4_butterfly_inverse_q31), (1912 bytes).
    Removing transformfunctions.o(i.arm_radix4_butterfly_q15), (1760 bytes).
    Removing transformfunctions.o(i.arm_radix4_butterfly_q31), (1912 bytes).
    Removing transformfunctions.o(i.arm_radix8_butterfly_f32), (2824 bytes).
    Removing transformfunctions.o(i.arm_rfft_1024_fast_init_f32), (48 bytes).
    Removing transformfunctions.o(i.arm_rfft_1024_fast_init_f64), (56 bytes).
    Removing transformfunctions.o(i.arm_rfft_128_fast_init_f32), (44 bytes).
    Removing transformfunctions.o(i.arm_rfft_128_fast_init_f64), (52 bytes).
    Removing transformfunctions.o(i.arm_rfft_2048_fast_init_f32), (48 bytes).
    Removing transformfunctions.o(i.arm_rfft_2048_fast_init_f64), (56 bytes).
    Removing transformfunctions.o(i.arm_rfft_256_fast_init_f32), (48 bytes).
    Removing transformfunctions.o(i.arm_rfft_256_fast_init_f64), (52 bytes).
    Removing transformfunctions.o(i.arm_rfft_32_fast_init_f32), (44 bytes).
    Removing transformfunctions.o(i.arm_rfft_32_fast_init_f64), (52 bytes).
    Removing transformfunctions.o(i.arm_rfft_4096_fast_init_f32), (48 bytes).
    Removing transformfunctions.o(i.arm_rfft_4096_fast_init_f64), (56 bytes).
    Removing transformfunctions.o(i.arm_rfft_512_fast_init_f32), (48 bytes).
    Removing transformfunctions.o(i.arm_rfft_512_fast_init_f64), (56 bytes).
    Removing transformfunctions.o(i.arm_rfft_64_fast_init_f32), (44 bytes).
    Removing transformfunctions.o(i.arm_rfft_64_fast_init_f64), (52 bytes).
    Removing transformfunctions.o(i.arm_rfft_f32), (124 bytes).
    Removing transformfunctions.o(i.arm_rfft_fast_f32), (66 bytes).
    Removing transformfunctions.o(i.arm_rfft_fast_f64), (76 bytes).
    Removing transformfunctions.o(i.arm_rfft_fast_init_f32), (140 bytes).
    Removing transformfunctions.o(i.arm_rfft_fast_init_f64), (140 bytes).
    Removing transformfunctions.o(i.arm_rfft_init_f32), (148 bytes).
    Removing transformfunctions.o(i.arm_rfft_init_q15), (224 bytes).
    Removing transformfunctions.o(i.arm_rfft_init_q31), (224 bytes).
    Removing transformfunctions.o(i.arm_rfft_q15), (116 bytes).
    Removing transformfunctions.o(i.arm_rfft_q31), (114 bytes).
    Removing transformfunctions.o(i.arm_split_rfft_f32), (312 bytes).
    Removing transformfunctions.o(i.arm_split_rfft_q15), (430 bytes).
    Removing transformfunctions.o(i.arm_split_rfft_q31), (518 bytes).
    Removing transformfunctions.o(i.arm_split_rifft_f32), (200 bytes).
    Removing transformfunctions.o(i.arm_split_rifft_q15), (278 bytes).
    Removing transformfunctions.o(i.arm_split_rifft_q31), (318 bytes).
    Removing transformfunctions.o(i.merge_rfft_f32), (188 bytes).
    Removing transformfunctions.o(i.merge_rfft_f64), (536 bytes).
    Removing transformfunctions.o(i.stage_rfft_f32), (258 bytes).
    Removing transformfunctions.o(i.stage_rfft_f64), (612 bytes).
    Removing retarget_io.o(i._sys_close), (38 bytes).
    Removing retarget_io.o(i._sys_flen), (36 bytes).
    Removing retarget_io.o(i._sys_istty), (36 bytes).
    Removing retarget_io.o(i._sys_open), (104 bytes).
    Removing retarget_io.o(i._sys_read), (76 bytes).
    Removing retarget_io.o(i._sys_seek), (44 bytes).
    Removing retarget_io.o(i._sys_write), (88 bytes).
    Removing retarget_io.o(i.stderr_putchar), (4 bytes).
    Removing retarget_io.o(i.stdin_getchar), (8 bytes).
    Removing retarget_io.o(i.stdout_putchar), (4 bytes).
    Removing retarget_io.o(.constdata), (23 bytes).
    Removing misc.o(.rev16_text), (4 bytes).
    Removing misc.o(.revsh_text), (4 bytes).
    Removing misc.o(.rrx_text), (6 bytes).
    Removing misc.o(i.NVIC_SetVectorTable), (20 bytes).
    Removing misc.o(i.NVIC_SystemLPConfig), (32 bytes).
    Removing misc.o(i.SysTick_CLKSourceConfig), (40 bytes).
    Removing stm32f4xx_dcmi.o(.rev16_text), (4 bytes).
    Removing stm32f4xx_dcmi.o(.revsh_text), (4 bytes).
    Removing stm32f4xx_dcmi.o(.rrx_text), (6 bytes).
    Removing stm32f4xx_dcmi.o(i.DCMI_CROPCmd), (36 bytes).
    Removing stm32f4xx_dcmi.o(i.DCMI_CROPConfig), (32 bytes).
    Removing stm32f4xx_dcmi.o(i.DCMI_ClearITPendingBit), (12 bytes).
    Removing stm32f4xx_dcmi.o(i.DCMI_DeInit), (28 bytes).
    Removing stm32f4xx_dcmi.o(i.DCMI_GetITStatus), (28 bytes).
    Removing stm32f4xx_dcmi.o(i.DCMI_JPEGCmd), (36 bytes).
    Removing stm32f4xx_dcmi.o(i.DCMI_ReadData), (12 bytes).
    Removing stm32f4xx_dcmi.o(i.DCMI_SetEmbeddedSynchroCodes), (32 bytes).
    Removing stm32f4xx_dcmi.o(i.DCMI_StructInit), (18 bytes).
    Removing stm32f4xx_dma.o(.rev16_text), (4 bytes).
    Removing stm32f4xx_dma.o(.revsh_text), (4 bytes).
    Removing stm32f4xx_dma.o(.rrx_text), (6 bytes).
    Removing stm32f4xx_dma.o(i.DMA_ClearFlag), (52 bytes).
    Removing stm32f4xx_dma.o(i.DMA_DoubleBufferModeCmd), (22 bytes).
    Removing stm32f4xx_dma.o(i.DMA_DoubleBufferModeConfig), (24 bytes).
    Removing stm32f4xx_dma.o(i.DMA_FlowControllerConfig), (22 bytes).
    Removing stm32f4xx_dma.o(i.DMA_GetCmdStatus), (20 bytes).
    Removing stm32f4xx_dma.o(i.DMA_GetCurrDataCounter), (8 bytes).
    Removing stm32f4xx_dma.o(i.DMA_GetCurrentMemoryTarget), (20 bytes).
    Removing stm32f4xx_dma.o(i.DMA_GetFIFOStatus), (12 bytes).
    Removing stm32f4xx_dma.o(i.DMA_GetFlagStatus), (68 bytes).
    Removing stm32f4xx_dma.o(i.DMA_MemoryTargetConfig), (10 bytes).
    Removing stm32f4xx_dma.o(i.DMA_PeriphIncOffsetSizeConfig), (22 bytes).
    Removing stm32f4xx_dma.o(i.DMA_SetCurrDataCounter), (4 bytes).
    Removing stm32f4xx_dma.o(i.DMA_StructInit), (34 bytes).
    Removing stm32f4xx_gpio.o(.rev16_text), (4 bytes).
    Removing stm32f4xx_gpio.o(.revsh_text), (4 bytes).
    Removing stm32f4xx_gpio.o(.rrx_text), (6 bytes).
    Removing stm32f4xx_gpio.o(i.GPIO_DeInit), (312 bytes).
    Removing stm32f4xx_gpio.o(i.GPIO_PinLockConfig), (34 bytes).
    Removing stm32f4xx_gpio.o(i.GPIO_ReadInputData), (8 bytes).
    Removing stm32f4xx_gpio.o(i.GPIO_ReadOutputData), (8 bytes).
    Removing stm32f4xx_gpio.o(i.GPIO_ReadOutputDataBit), (18 bytes).
    Removing stm32f4xx_gpio.o(i.GPIO_StructInit), (18 bytes).
    Removing stm32f4xx_gpio.o(i.GPIO_ToggleBits), (8 bytes).
    Removing stm32f4xx_gpio.o(i.GPIO_Write), (4 bytes).
    Removing stm32f4xx_gpio.o(i.GPIO_WriteBit), (10 bytes).
    Removing stm32f4xx_rcc.o(.rev16_text), (4 bytes).
    Removing stm32f4xx_rcc.o(.revsh_text), (4 bytes).
    Removing stm32f4xx_rcc.o(.rrx_text), (6 bytes).
    Removing stm32f4xx_rcc.o(i.RCC_AHB1PeriphClockLPModeCmd), (32 bytes).
    Removing stm32f4xx_rcc.o(i.RCC_AHB1PeriphResetCmd), (32 bytes).
    Removing stm32f4xx_rcc.o(i.RCC_AHB2PeriphClockLPModeCmd), (32 bytes).
    Removing stm32f4xx_rcc.o(i.RCC_AHB2PeriphResetCmd), (32 bytes).
    Removing stm32f4xx_rcc.o(i.RCC_AHB3PeriphClockCmd), (32 bytes).
    Removing stm32f4xx_rcc.o(i.RCC_AHB3PeriphClockLPModeCmd), (32 bytes).
    Removing stm32f4xx_rcc.o(i.RCC_AHB3PeriphResetCmd), (32 bytes).
    Removing stm32f4xx_rcc.o(i.RCC_APB1PeriphClockLPModeCmd), (32 bytes).
    Removing stm32f4xx_rcc.o(i.RCC_APB1PeriphResetCmd), (32 bytes).
    Removing stm32f4xx_rcc.o(i.RCC_APB2PeriphClockCmd), (32 bytes).
    Removing stm32f4xx_rcc.o(i.RCC_APB2PeriphClockLPModeCmd), (32 bytes).
    Removing stm32f4xx_rcc.o(i.RCC_APB2PeriphResetCmd), (32 bytes).
    Removing stm32f4xx_rcc.o(i.RCC_AdjustHSICalibrationValue), (24 bytes).
    Removing stm32f4xx_rcc.o(i.RCC_BackupResetCmd), (12 bytes).
    Removing stm32f4xx_rcc.o(i.RCC_ClearFlag), (20 bytes).
    Removing stm32f4xx_rcc.o(i.RCC_ClearITPendingBit), (12 bytes).
    Removing stm32f4xx_rcc.o(i.RCC_ClockSecuritySystemCmd), (12 bytes).
    Removing stm32f4xx_rcc.o(i.RCC_DeInit), (100 bytes).
    Removing stm32f4xx_rcc.o(i.RCC_GetITStatus), (24 bytes).
    Removing stm32f4xx_rcc.o(i.RCC_GetSYSCLKSource), (16 bytes).
    Removing stm32f4xx_rcc.o(i.RCC_HCLKConfig), (24 bytes).
    Removing stm32f4xx_rcc.o(i.RCC_HSEConfig), (16 bytes).
    Removing stm32f4xx_rcc.o(i.RCC_HSICmd), (12 bytes).
    Removing stm32f4xx_rcc.o(i.RCC_I2SCLKConfig), (12 bytes).
    Removing stm32f4xx_rcc.o(i.RCC_ITConfig), (32 bytes).
    Removing stm32f4xx_rcc.o(i.RCC_LSEConfig), (44 bytes).
    Removing stm32f4xx_rcc.o(i.RCC_LSICmd), (12 bytes).
    Removing stm32f4xx_rcc.o(i.RCC_LTDCCLKDivConfig), (24 bytes).
    Removing stm32f4xx_rcc.o(i.RCC_MCO1Config), (28 bytes).
    Removing stm32f4xx_rcc.o(i.RCC_PCLK1Config), (24 bytes).
    Removing stm32f4xx_rcc.o(i.RCC_PCLK2Config), (24 bytes).
    Removing stm32f4xx_rcc.o(i.RCC_PLLCmd), (12 bytes).
    Removing stm32f4xx_rcc.o(i.RCC_PLLConfig), (36 bytes).
    Removing stm32f4xx_rcc.o(i.RCC_PLLSAICmd), (12 bytes).
    Removing stm32f4xx_rcc.o(i.RCC_PLLSAIConfig), (24 bytes).
    Removing stm32f4xx_rcc.o(i.RCC_RTCCLKCmd), (12 bytes).
    Removing stm32f4xx_rcc.o(i.RCC_RTCCLKConfig), (60 bytes).
    Removing stm32f4xx_rcc.o(i.RCC_SAIBlockACLKConfig), (24 bytes).
    Removing stm32f4xx_rcc.o(i.RCC_SAIBlockBCLKConfig), (24 bytes).
    Removing stm32f4xx_rcc.o(i.RCC_SAIPLLI2SClkDivConfig), (28 bytes).
    Removing stm32f4xx_rcc.o(i.RCC_SAIPLLSAIClkDivConfig), (28 bytes).
    Removing stm32f4xx_rcc.o(i.RCC_SYSCLKConfig), (24 bytes).
    Removing stm32f4xx_rcc.o(i.RCC_TIMCLKPresConfig), (12 bytes).
    Removing stm32f4xx_rcc.o(i.RCC_WaitForHSEStartUp), (56 bytes).
    Removing stm32f4xx_syscfg.o(.rev16_text), (4 bytes).
    Removing stm32f4xx_syscfg.o(.revsh_text), (4 bytes).
    Removing stm32f4xx_syscfg.o(.rrx_text), (6 bytes).
    Removing stm32f4xx_syscfg.o(i.SYSCFG_CompensationCellCmd), (12 bytes).
    Removing stm32f4xx_syscfg.o(i.SYSCFG_DeInit), (22 bytes).
    Removing stm32f4xx_syscfg.o(i.SYSCFG_ETH_MediaInterfaceConfig), (12 bytes).
    Removing stm32f4xx_syscfg.o(i.SYSCFG_EXTILineConfig), (64 bytes).
    Removing stm32f4xx_syscfg.o(i.SYSCFG_GetCompensationCellStatus), (24 bytes).
    Removing stm32f4xx_syscfg.o(i.SYSCFG_MemoryRemapConfig), (12 bytes).
    Removing stm32f4xx_syscfg.o(i.SYSCFG_MemorySwappingBank), (12 bytes).
    Removing stm32f4xx_usart.o(.rev16_text), (4 bytes).
    Removing stm32f4xx_usart.o(.revsh_text), (4 bytes).
    Removing stm32f4xx_usart.o(.rrx_text), (6 bytes).
    Removing stm32f4xx_usart.o(i.USART_ClearFlag), (18 bytes).
    Removing stm32f4xx_usart.o(i.USART_ClearITPendingBit), (30 bytes).
    Removing stm32f4xx_usart.o(i.USART_ClockInit), (32 bytes).
    Removing stm32f4xx_usart.o(i.USART_ClockStructInit), (12 bytes).
    Removing stm32f4xx_usart.o(i.USART_DMACmd), (18 bytes).
    Removing stm32f4xx_usart.o(i.USART_DeInit), (240 bytes).
    Removing stm32f4xx_usart.o(i.USART_GetITStatus), (84 bytes).
    Removing stm32f4xx_usart.o(i.USART_HalfDuplexCmd), (24 bytes).
    Removing stm32f4xx_usart.o(i.USART_IrDACmd), (24 bytes).
    Removing stm32f4xx_usart.o(i.USART_IrDAConfig), (18 bytes).
    Removing stm32f4xx_usart.o(i.USART_LINBreakDetectLengthConfig), (18 bytes).
    Removing stm32f4xx_usart.o(i.USART_LINCmd), (24 bytes).
    Removing stm32f4xx_usart.o(i.USART_OneBitMethodCmd), (24 bytes).
    Removing stm32f4xx_usart.o(i.USART_OverSampling8Cmd), (22 bytes).
    Removing stm32f4xx_usart.o(i.USART_ReceiveData), (10 bytes).
    Removing stm32f4xx_usart.o(i.USART_ReceiverWakeUpCmd), (24 bytes).
    Removing stm32f4xx_usart.o(i.USART_SendBreak), (10 bytes).
    Removing stm32f4xx_usart.o(i.USART_SetAddress), (18 bytes).
    Removing stm32f4xx_usart.o(i.USART_SetGuardTime), (16 bytes).
    Removing stm32f4xx_usart.o(i.USART_SetPrescaler), (16 bytes).
    Removing stm32f4xx_usart.o(i.USART_SmartCardCmd), (24 bytes).
    Removing stm32f4xx_usart.o(i.USART_SmartCardNACKCmd), (24 bytes).
    Removing stm32f4xx_usart.o(i.USART_StructInit), (24 bytes).
    Removing stm32f4xx_usart.o(i.USART_WakeUpConfig), (18 bytes).
    Removing system_stm32f4xx.o(.rev16_text), (4 bytes).
    Removing system_stm32f4xx.o(.revsh_text), (4 bytes).
    Removing system_stm32f4xx.o(.rrx_text), (6 bytes).
    Removing system_stm32f4xx.o(i.SystemCoreClockUpdate), (192 bytes).
    Removing system_stm32f4xx.o(.data), (20 bytes).

596 unused section(s) (total 1027783 bytes) removed from the image.

==============================================================================

Image Symbol Table

    Local Symbols

    Symbol Name                              Value     Ov Type        Size  Object(Section)

    ../clib/angel/boardlib.s                 0x00000000   Number         0  boardinit1.o ABSOLUTE
    ../clib/angel/boardlib.s                 0x00000000   Number         0  boardshut.o ABSOLUTE
    ../clib/angel/boardlib.s                 0x00000000   Number         0  boardinit2.o ABSOLUTE
    ../clib/angel/boardlib.s                 0x00000000   Number         0  boardinit3.o ABSOLUTE
    ../clib/angel/handlers.s                 0x00000000   Number         0  __scatter_copy.o ABSOLUTE
    ../clib/angel/handlers.s                 0x00000000   Number         0  __scatter_zi.o ABSOLUTE
    ../clib/angel/kernel.s                   0x00000000   Number         0  rtexit2.o ABSOLUTE
    ../clib/angel/kernel.s                   0x00000000   Number         0  rtexit.o ABSOLUTE
    ../clib/angel/kernel.s                   0x00000000   Number         0  __rtentry2.o ABSOLUTE
    ../clib/angel/kernel.s                   0x00000000   Number         0  __rtentry.o ABSOLUTE
    ../clib/angel/kernel.s                   0x00000000   Number         0  __rtentry4.o ABSOLUTE
    ../clib/angel/rt.s                       0x00000000   Number         0  rt_raise.o ABSOLUTE
    ../clib/angel/rt.s                       0x00000000   Number         0  rt_errno_addr.o ABSOLUTE
    ../clib/angel/rt.s                       0x00000000   Number         0  aeabi_ldiv0.o ABSOLUTE
    ../clib/angel/rt.s                       0x00000000   Number         0  rt_errno_addr_intlibspace.o ABSOLUTE
    ../clib/angel/rt.s                       0x00000000   Number         0  aeabi_ldiv0_sigfpe.o ABSOLUTE
    ../clib/angel/rt.s                       0x00000000   Number         0  rt_div0.o ABSOLUTE
    ../clib/angel/scatter.s                  0x00000000   Number         0  __scatter.o ABSOLUTE
    ../clib/angel/startup.s                  0x00000000   Number         0  __main.o ABSOLUTE
    ../clib/angel/sys.s                      0x00000000   Number         0  libspace.o ABSOLUTE
    ../clib/angel/sys.s                      0x00000000   Number         0  sys_stackheap_outer.o ABSOLUTE
    ../clib/angel/sys.s                      0x00000000   Number         0  use_no_semi.o ABSOLUTE
    ../clib/angel/sys.s                      0x00000000   Number         0  indicate_semi.o ABSOLUTE
    ../clib/angel/sysapp.c                   0x00000000   Number         0  sys_command.o ABSOLUTE
    ../clib/angel/sysapp.c                   0x00000000   Number         0  sys_wrch.o ABSOLUTE
    ../clib/angel/sysapp.c                   0x00000000   Number         0  sys_exit.o ABSOLUTE
    ../clib/armsys.c                         0x00000000   Number         0  argv_veneer.o ABSOLUTE
    ../clib/armsys.c                         0x00000000   Number         0  no_argv.o ABSOLUTE
    ../clib/armsys.c                         0x00000000   Number         0  _get_argv_nomalloc.o ABSOLUTE
    ../clib/armsys.c                         0x00000000   Number         0  argv_veneer.o ABSOLUTE
    ../clib/fenv.c                           0x00000000   Number         0  _rserrno.o ABSOLUTE
    ../clib/heapalloc.c                      0x00000000   Number         0  hrguard.o ABSOLUTE
    ../clib/heapaux.c                        0x00000000   Number         0  heapauxi.o ABSOLUTE
    ../clib/libinit.s                        0x00000000   Number         0  libinit2.o ABSOLUTE
    ../clib/libinit.s                        0x00000000   Number         0  libshutdown2.o ABSOLUTE
    ../clib/libinit.s                        0x00000000   Number         0  libshutdown.o ABSOLUTE
    ../clib/libinit.s                        0x00000000   Number         0  libinit.o ABSOLUTE
    ../clib/longlong.s                       0x00000000   Number         0  llsshr.o ABSOLUTE
    ../clib/longlong.s                       0x00000000   Number         0  llshl.o ABSOLUTE
    ../clib/longlong.s                       0x00000000   Number         0  lludivv7m.o ABSOLUTE
    ../clib/longlong.s                       0x00000000   Number         0  llsdiv.o ABSOLUTE
    ../clib/memcpset.s                       0x00000000   Number         0  rt_memcpy_w.o ABSOLUTE
    ../clib/memcpset.s                       0x00000000   Number         0  rt_memclr_w.o ABSOLUTE
    ../clib/memcpset.s                       0x00000000   Number         0  strcmpv7m.o ABSOLUTE
    ../clib/memcpset.s                       0x00000000   Number         0  rt_memclr.o ABSOLUTE
    ../clib/signal.c                         0x00000000   Number         0  defsig_rtred_inner.o ABSOLUTE
    ../clib/signal.c                         0x00000000   Number         0  defsig_abrt_inner.o ABSOLUTE
    ../clib/signal.c                         0x00000000   Number         0  defsig_rtmem_formal.o ABSOLUTE
    ../clib/signal.c                         0x00000000   Number         0  defsig_stak_inner.o ABSOLUTE
    ../clib/signal.c                         0x00000000   Number         0  defsig_fpe_formal.o ABSOLUTE
    ../clib/signal.c                         0x00000000   Number         0  __raise.o ABSOLUTE
    ../clib/signal.c                         0x00000000   Number         0  defsig_general.o ABSOLUTE
    ../clib/signal.c                         0x00000000   Number         0  defsig_rtmem_outer.o ABSOLUTE
    ../clib/signal.c                         0x00000000   Number         0  defsig_fpe_outer.o ABSOLUTE
    ../clib/signal.c                         0x00000000   Number         0  defsig_pvfn_inner.o ABSOLUTE
    ../clib/signal.c                         0x00000000   Number         0  defsig_rtmem_inner.o ABSOLUTE
    ../clib/signal.c                         0x00000000   Number         0  defsig_exit.o ABSOLUTE
    ../clib/signal.c                         0x00000000   Number         0  defsig_fpe_inner.o ABSOLUTE
    ../clib/signal.c                         0x00000000   Number         0  defsig_cppl_inner.o ABSOLUTE
    ../clib/signal.c                         0x00000000   Number         0  defsig_segv_inner.o ABSOLUTE
    ../clib/signal.c                         0x00000000   Number         0  defsig_other.o ABSOLUTE
    ../clib/signal.s                         0x00000000   Number         0  defsig.o ABSOLUTE
    ../clib/stdlib.c                         0x00000000   Number         0  exit.o ABSOLUTE
    ../fplib/basic.s                         0x00000000   Number         0  basic.o ABSOLUTE
    ../fplib/d2f.s                           0x00000000   Number         0  d2f.o ABSOLUTE
    ../fplib/daddsub.s                       0x00000000   Number         0  daddsub_clz.o ABSOLUTE
    ../fplib/dcmpi.s                         0x00000000   Number         0  dcmpi.o ABSOLUTE
    ../fplib/ddiv.s                          0x00000000   Number         0  ddiv.o ABSOLUTE
    ../fplib/deqf.s                          0x00000000   Number         0  deqf.o ABSOLUTE
    ../fplib/dflt.s                          0x00000000   Number         0  dflt_clz.o ABSOLUTE
    ../fplib/dmul.s                          0x00000000   Number         0  dmul.o ABSOLUTE
    ../fplib/dnaninf.s                       0x00000000   Number         0  dnaninf.o ABSOLUTE
    ../fplib/dretinf.s                       0x00000000   Number         0  dretinf.o ABSOLUTE
    ../fplib/f2d.s                           0x00000000   Number         0  f2d.o ABSOLUTE
    ../fplib/ffixll.s                        0x00000000   Number         0  ffixll.o ABSOLUTE
    ../fplib/fnaninf.s                       0x00000000   Number         0  fnaninf.o ABSOLUTE
    ../fplib/fpinit.s                        0x00000000   Number         0  fpinit.o ABSOLUTE
    ../fplib/fretinf.s                       0x00000000   Number         0  fretinf.o ABSOLUTE
    ../fplib/istatus.s                       0x00000000   Number         0  istatus.o ABSOLUTE
    ../fplib/usenofp.s                       0x00000000   Number         0  usenofp.o ABSOLUTE
    ../mathlib/dunder.c                      0x00000000   Number         0  dunder.o ABSOLUTE
    ../mathlib/expf.c                        0x00000000   Number         0  expf_x.o ABSOLUTE
    ../mathlib/expf.c                        0x00000000   Number         0  expf.o ABSOLUTE
    ../mathlib/fpclassifyf.c                 0x00000000   Number         0  fpclassifyf.o ABSOLUTE
    ../mathlib/funder.c                      0x00000000   Number         0  funder.o ABSOLUTE
    ../mathlib/log.c                         0x00000000   Number         0  log_x.o ABSOLUTE
    ../mathlib/log.c                         0x00000000   Number         0  log.o ABSOLUTE
    ../mathlib/logf.c                        0x00000000   Number         0  logf_x.o ABSOLUTE
    ../mathlib/logf.c                        0x00000000   Number         0  logf.o ABSOLUTE
    ../mathlib/poly.c                        0x00000000   Number         0  poly.o ABSOLUTE
    ../mathlib/powf.c                        0x00000000   Number         0  powf.o ABSOLUTE
    ../mathlib/powf.c                        0x00000000   Number         0  powf_x.o ABSOLUTE
    ../mathlib/qnan.c                        0x00000000   Number         0  qnan.o ABSOLUTE
    ../mathlib/tanhf.c                       0x00000000   Number         0  tanhf_x.o ABSOLUTE
    ../mathlib/tanhf.c                       0x00000000   Number         0  tanhf.o ABSOLUTE
    C:\Users\ABRA\AppData\Local\Arm\Packs\ARM\CMSIS\5.7.0\CMSIS\DSP\Source\BasicMathFunctions\BasicMathFunctions.c 0x00000000   Number         0  basicmathfunctions.o ABSOLUTE
    C:\Users\ABRA\AppData\Local\Arm\Packs\ARM\CMSIS\5.7.0\CMSIS\DSP\Source\BayesFunctions\BayesFunctions.c 0x00000000   Number         0  bayesfunctions.o ABSOLUTE
    C:\Users\ABRA\AppData\Local\Arm\Packs\ARM\CMSIS\5.7.0\CMSIS\DSP\Source\CommonTables\CommonTables.c 0x00000000   Number         0  commontables.o ABSOLUTE
    C:\Users\ABRA\AppData\Local\Arm\Packs\ARM\CMSIS\5.7.0\CMSIS\DSP\Source\ComplexMathFunctions\ComplexMathFunctions.c 0x00000000   Number         0  complexmathfunctions.o ABSOLUTE
    C:\Users\ABRA\AppData\Local\Arm\Packs\ARM\CMSIS\5.7.0\CMSIS\DSP\Source\ControllerFunctions\ControllerFunctions.c 0x00000000   Number         0  controllerfunctions.o ABSOLUTE
    C:\Users\ABRA\AppData\Local\Arm\Packs\ARM\CMSIS\5.7.0\CMSIS\DSP\Source\DistanceFunctions\DistanceFunctions.c 0x00000000   Number         0  distancefunctions.o ABSOLUTE
    C:\Users\ABRA\AppData\Local\Arm\Packs\ARM\CMSIS\5.7.0\CMSIS\DSP\Source\FastMathFunctions\FastMathFunctions.c 0x00000000   Number         0  fastmathfunctions.o ABSOLUTE
    C:\Users\ABRA\AppData\Local\Arm\Packs\ARM\CMSIS\5.7.0\CMSIS\DSP\Source\FilteringFunctions\FilteringFunctions.c 0x00000000   Number         0  filteringfunctions.o ABSOLUTE
    C:\Users\ABRA\AppData\Local\Arm\Packs\ARM\CMSIS\5.7.0\CMSIS\DSP\Source\MatrixFunctions\MatrixFunctions.c 0x00000000   Number         0  matrixfunctions.o ABSOLUTE
    C:\Users\ABRA\AppData\Local\Arm\Packs\ARM\CMSIS\5.7.0\CMSIS\DSP\Source\SVMFunctions\SVMFunctions.c 0x00000000   Number         0  svmfunctions.o ABSOLUTE
    C:\Users\ABRA\AppData\Local\Arm\Packs\ARM\CMSIS\5.7.0\CMSIS\DSP\Source\StatisticsFunctions\StatisticsFunctions.c 0x00000000   Number         0  statisticsfunctions.o ABSOLUTE
    C:\Users\ABRA\AppData\Local\Arm\Packs\ARM\CMSIS\5.7.0\CMSIS\DSP\Source\SupportFunctions\SupportFunctions.c 0x00000000   Number         0  supportfunctions.o ABSOLUTE
    C:\Users\ABRA\AppData\Local\Arm\Packs\ARM\CMSIS\5.7.0\CMSIS\DSP\Source\TransformFunctions\TransformFunctions.c 0x00000000   Number         0  transformfunctions.o ABSOLUTE
    C:\Users\ABRA\AppData\Local\Arm\Packs\Keil\ARM_Compiler\1.6.1\Source\retarget_io.c 0x00000000   Number         0  retarget_io.o ABSOLUTE
    C:\Users\ABRA\AppData\Local\Arm\Packs\Keil\STM32F4xx_DFP\1.0.8\Device\StdPeriph_Driver\src\misc.c 0x00000000   Number         0  misc.o ABSOLUTE
    C:\Users\ABRA\AppData\Local\Arm\Packs\Keil\STM32F4xx_DFP\1.0.8\Device\StdPeriph_Driver\src\stm32f4xx_dcmi.c 0x00000000   Number         0  stm32f4xx_dcmi.o ABSOLUTE
    C:\Users\ABRA\AppData\Local\Arm\Packs\Keil\STM32F4xx_DFP\1.0.8\Device\StdPeriph_Driver\src\stm32f4xx_dma.c 0x00000000   Number         0  stm32f4xx_dma.o ABSOLUTE
    C:\Users\ABRA\AppData\Local\Arm\Packs\Keil\STM32F4xx_DFP\1.0.8\Device\StdPeriph_Driver\src\stm32f4xx_gpio.c 0x00000000   Number         0  stm32f4xx_gpio.o ABSOLUTE
    C:\Users\ABRA\AppData\Local\Arm\Packs\Keil\STM32F4xx_DFP\1.0.8\Device\StdPeriph_Driver\src\stm32f4xx_rcc.c 0x00000000   Number         0  stm32f4xx_rcc.o ABSOLUTE
    C:\Users\ABRA\AppData\Local\Arm\Packs\Keil\STM32F4xx_DFP\1.0.8\Device\StdPeriph_Driver\src\stm32f4xx_syscfg.c 0x00000000   Number         0  stm32f4xx_syscfg.o ABSOLUTE
    C:\Users\ABRA\AppData\Local\Arm\Packs\Keil\STM32F4xx_DFP\1.0.8\Device\StdPeriph_Driver\src\stm32f4xx_usart.c 0x00000000   Number         0  stm32f4xx_usart.o ABSOLUTE
    C:\\Users\\ABRA\\AppData\\Local\\Arm\\Packs\\ARM\\CMSIS\\5.7.0\\CMSIS\\DSP\\Source\\BasicMathFunctions\\BasicMathFunctions.c 0x00000000   Number         0  basicmathfunctions.o ABSOLUTE
    C:\\Users\\ABRA\\AppData\\Local\\Arm\\Packs\\ARM\\CMSIS\\5.7.0\\CMSIS\\DSP\\Source\\BayesFunctions\\BayesFunctions.c 0x00000000   Number         0  bayesfunctions.o ABSOLUTE
    C:\\Users\\ABRA\\AppData\\Local\\Arm\\Packs\\ARM\\CMSIS\\5.7.0\\CMSIS\\DSP\\Source\\CommonTables\\CommonTables.c 0x00000000   Number         0  commontables.o ABSOLUTE
    C:\\Users\\ABRA\\AppData\\Local\\Arm\\Packs\\ARM\\CMSIS\\5.7.0\\CMSIS\\DSP\\Source\\ComplexMathFunctions\\ComplexMathFunctions.c 0x00000000   Number         0  complexmathfunctions.o ABSOLUTE
    C:\\Users\\ABRA\\AppData\\Local\\Arm\\Packs\\ARM\\CMSIS\\5.7.0\\CMSIS\\DSP\\Source\\ControllerFunctions\\ControllerFunctions.c 0x00000000   Number         0  controllerfunctions.o ABSOLUTE
    C:\\Users\\ABRA\\AppData\\Local\\Arm\\Packs\\ARM\\CMSIS\\5.7.0\\CMSIS\\DSP\\Source\\DistanceFunctions\\DistanceFunctions.c 0x00000000   Number         0  distancefunctions.o ABSOLUTE
    C:\\Users\\ABRA\\AppData\\Local\\Arm\\Packs\\ARM\\CMSIS\\5.7.0\\CMSIS\\DSP\\Source\\FastMathFunctions\\FastMathFunctions.c 0x00000000   Number         0  fastmathfunctions.o ABSOLUTE
    C:\\Users\\ABRA\\AppData\\Local\\Arm\\Packs\\ARM\\CMSIS\\5.7.0\\CMSIS\\DSP\\Source\\FilteringFunctions\\FilteringFunctions.c 0x00000000   Number         0  filteringfunctions.o ABSOLUTE
    C:\\Users\\ABRA\\AppData\\Local\\Arm\\Packs\\ARM\\CMSIS\\5.7.0\\CMSIS\\DSP\\Source\\MatrixFunctions\\MatrixFunctions.c 0x00000000   Number         0  matrixfunctions.o ABSOLUTE
    C:\\Users\\ABRA\\AppData\\Local\\Arm\\Packs\\ARM\\CMSIS\\5.7.0\\CMSIS\\DSP\\Source\\SVMFunctions\\SVMFunctions.c 0x00000000   Number         0  svmfunctions.o ABSOLUTE
    C:\\Users\\ABRA\\AppData\\Local\\Arm\\Packs\\ARM\\CMSIS\\5.7.0\\CMSIS\\DSP\\Source\\StatisticsFunctions\\StatisticsFunctions.c 0x00000000   Number         0  statisticsfunctions.o ABSOLUTE
    C:\\Users\\ABRA\\AppData\\Local\\Arm\\Packs\\ARM\\CMSIS\\5.7.0\\CMSIS\\DSP\\Source\\SupportFunctions\\SupportFunctions.c 0x00000000   Number         0  supportfunctions.o ABSOLUTE
    C:\\Users\\ABRA\\AppData\\Local\\Arm\\Packs\\ARM\\CMSIS\\5.7.0\\CMSIS\\DSP\\Source\\TransformFunctions\\TransformFunctions.c 0x00000000   Number         0  transformfunctions.o ABSOLUTE
    C:\\Users\\ABRA\\AppData\\Local\\Arm\\Packs\\Keil\\STM32F4xx_DFP\\1.0.8\\Device\\StdPeriph_Driver\\src\\misc.c 0x00000000   Number         0  misc.o ABSOLUTE
    C:\\Users\\ABRA\\AppData\\Local\\Arm\\Packs\\Keil\\STM32F4xx_DFP\\1.0.8\\Device\\StdPeriph_Driver\\src\\stm32f4xx_dcmi.c 0x00000000   Number         0  stm32f4xx_dcmi.o ABSOLUTE
    C:\\Users\\ABRA\\AppData\\Local\\Arm\\Packs\\Keil\\STM32F4xx_DFP\\1.0.8\\Device\\StdPeriph_Driver\\src\\stm32f4xx_dma.c 0x00000000   Number         0  stm32f4xx_dma.o ABSOLUTE
    C:\\Users\\ABRA\\AppData\\Local\\Arm\\Packs\\Keil\\STM32F4xx_DFP\\1.0.8\\Device\\StdPeriph_Driver\\src\\stm32f4xx_gpio.c 0x00000000   Number         0  stm32f4xx_gpio.o ABSOLUTE
    C:\\Users\\ABRA\\AppData\\Local\\Arm\\Packs\\Keil\\STM32F4xx_DFP\\1.0.8\\Device\\StdPeriph_Driver\\src\\stm32f4xx_rcc.c 0x00000000   Number         0  stm32f4xx_rcc.o ABSOLUTE
    C:\\Users\\ABRA\\AppData\\Local\\Arm\\Packs\\Keil\\STM32F4xx_DFP\\1.0.8\\Device\\StdPeriph_Driver\\src\\stm32f4xx_syscfg.c 0x00000000   Number         0  stm32f4xx_syscfg.o ABSOLUTE
    C:\\Users\\ABRA\\AppData\\Local\\Arm\\Packs\\Keil\\STM32F4xx_DFP\\1.0.8\\Device\\StdPeriph_Driver\\src\\stm32f4xx_usart.c 0x00000000   Number         0  stm32f4xx_usart.o ABSOLUTE
    RTE\Device\STM32F407VG\startup_stm32f40_41xxx.s 0x00000000   Number         0  startup_stm32f40_41xxx.o ABSOLUTE
    RTE\Device\STM32F407VG\system_stm32f4xx.c 0x00000000   Number         0  system_stm32f4xx.o ABSOLUTE
    RTE\\Device\\STM32F407VG\\system_stm32f4xx.c 0x00000000   Number         0  system_stm32f4xx.o ABSOLUTE
    dc.s                                     0x00000000   Number         0  dc.o ABSOLUTE
    main.c                                   0x00000000   Number         0  main.o ABSOLUTE
    main.c                                   0x00000000   Number         0  main.o ABSOLUTE
    ov7670.c                                 0x00000000   Number         0  ov7670.o ABSOLUTE
    ov7670.c                                 0x00000000   Number         0  ov7670.o ABSOLUTE
    RESET                                    0x08000000   Section      392  startup_stm32f40_41xxx.o(RESET)
    !!!main                                  0x08000188   Section        8  __main.o(!!!main)
    !!!scatter                               0x08000190   Section       52  __scatter.o(!!!scatter)
    !!handler_copy                           0x080001c4   Section       26  __scatter_copy.o(!!handler_copy)
    !!handler_zi                             0x080001e0   Section       28  __scatter_zi.o(!!handler_zi)
    .ARM.Collect$$libinit$$00000000          0x080001fc   Section        2  libinit.o(.ARM.Collect$$libinit$$00000000)
    .ARM.Collect$$libinit$$00000001          0x080001fe   Section        4  libinit2.o(.ARM.Collect$$libinit$$00000001)
    .ARM.Collect$$libinit$$00000004          0x08000202   Section        0  libinit2.o(.ARM.Collect$$libinit$$00000004)
    .ARM.Collect$$libinit$$0000000A          0x08000202   Section        0  libinit2.o(.ARM.Collect$$libinit$$0000000A)
    .ARM.Collect$$libinit$$0000000C          0x08000202   Section        0  libinit2.o(.ARM.Collect$$libinit$$0000000C)
    .ARM.Collect$$libinit$$0000000E          0x08000202   Section        0  libinit2.o(.ARM.Collect$$libinit$$0000000E)
    .ARM.Collect$$libinit$$00000011          0x08000202   Section        0  libinit2.o(.ARM.Collect$$libinit$$00000011)
    .ARM.Collect$$libinit$$00000013          0x08000202   Section        0  libinit2.o(.ARM.Collect$$libinit$$00000013)
    .ARM.Collect$$libinit$$00000015          0x08000202   Section        0  libinit2.o(.ARM.Collect$$libinit$$00000015)
    .ARM.Collect$$libinit$$00000017          0x08000202   Section        0  libinit2.o(.ARM.Collect$$libinit$$00000017)
    .ARM.Collect$$libinit$$00000019          0x08000202   Section        0  libinit2.o(.ARM.Collect$$libinit$$00000019)
    .ARM.Collect$$libinit$$0000001B          0x08000202   Section        0  libinit2.o(.ARM.Collect$$libinit$$0000001B)
    .ARM.Collect$$libinit$$0000001D          0x08000202   Section        0  libinit2.o(.ARM.Collect$$libinit$$0000001D)
    .ARM.Collect$$libinit$$0000001F          0x08000202   Section        0  libinit2.o(.ARM.Collect$$libinit$$0000001F)
    .ARM.Collect$$libinit$$00000021          0x08000202   Section        0  libinit2.o(.ARM.Collect$$libinit$$00000021)
    .ARM.Collect$$libinit$$00000023          0x08000202   Section        0  libinit2.o(.ARM.Collect$$libinit$$00000023)
    .ARM.Collect$$libinit$$00000025          0x08000202   Section        0  libinit2.o(.ARM.Collect$$libinit$$00000025)
    .ARM.Collect$$libinit$$0000002C          0x08000202   Section        0  libinit2.o(.ARM.Collect$$libinit$$0000002C)
    .ARM.Collect$$libinit$$0000002E          0x08000202   Section        0  libinit2.o(.ARM.Collect$$libinit$$0000002E)
    .ARM.Collect$$libinit$$00000030          0x08000202   Section        0  libinit2.o(.ARM.Collect$$libinit$$00000030)
    .ARM.Collect$$libinit$$00000032          0x08000202   Section        0  libinit2.o(.ARM.Collect$$libinit$$00000032)
    .ARM.Collect$$libinit$$00000033          0x08000202   Section        2  libinit2.o(.ARM.Collect$$libinit$$00000033)
    .ARM.Collect$$libshutdown$$00000000      0x08000204   Section        2  libshutdown.o(.ARM.Collect$$libshutdown$$00000000)
    .ARM.Collect$$libshutdown$$00000002      0x08000206   Section        0  libshutdown2.o(.ARM.Collect$$libshutdown$$00000002)
    .ARM.Collect$$libshutdown$$00000004      0x08000206   Section        0  libshutdown2.o(.ARM.Collect$$libshutdown$$00000004)
    .ARM.Collect$$libshutdown$$00000007      0x08000206   Section        0  libshutdown2.o(.ARM.Collect$$libshutdown$$00000007)
    .ARM.Collect$$libshutdown$$0000000A      0x08000206   Section        0  libshutdown2.o(.ARM.Collect$$libshutdown$$0000000A)
    .ARM.Collect$$libshutdown$$0000000C      0x08000206   Section        0  libshutdown2.o(.ARM.Collect$$libshutdown$$0000000C)
    .ARM.Collect$$libshutdown$$0000000F      0x08000206   Section        0  libshutdown2.o(.ARM.Collect$$libshutdown$$0000000F)
    .ARM.Collect$$libshutdown$$00000010      0x08000206   Section        2  libshutdown2.o(.ARM.Collect$$libshutdown$$00000010)
    .ARM.Collect$$rtentry$$00000000          0x08000208   Section        0  __rtentry.o(.ARM.Collect$$rtentry$$00000000)
    .ARM.Collect$$rtentry$$00000002          0x08000208   Section        0  __rtentry2.o(.ARM.Collect$$rtentry$$00000002)
    .ARM.Collect$$rtentry$$00000004          0x08000208   Section        6  __rtentry4.o(.ARM.Collect$$rtentry$$00000004)
    .ARM.Collect$$rtentry$$00000009          0x0800020e   Section        0  __rtentry2.o(.ARM.Collect$$rtentry$$00000009)
    .ARM.Collect$$rtentry$$0000000A          0x0800020e   Section        4  __rtentry2.o(.ARM.Collect$$rtentry$$0000000A)
    .ARM.Collect$$rtentry$$0000000C          0x08000212   Section        0  __rtentry2.o(.ARM.Collect$$rtentry$$0000000C)
    .ARM.Collect$$rtentry$$0000000D          0x08000212   Section        8  __rtentry2.o(.ARM.Collect$$rtentry$$0000000D)
    .ARM.Collect$$rtexit$$00000000           0x0800021a   Section        2  rtexit.o(.ARM.Collect$$rtexit$$00000000)
    .ARM.Collect$$rtexit$$00000002           0x0800021c   Section        0  rtexit2.o(.ARM.Collect$$rtexit$$00000002)
    .ARM.Collect$$rtexit$$00000003           0x0800021c   Section        4  rtexit2.o(.ARM.Collect$$rtexit$$00000003)
    .ARM.Collect$$rtexit$$00000004           0x08000220   Section        6  rtexit2.o(.ARM.Collect$$rtexit$$00000004)
    .text                                    0x08000228   Section       64  startup_stm32f40_41xxx.o(.text)
    $v0                                      0x08000228   Number         0  startup_stm32f40_41xxx.o(.text)
    .text                                    0x08000268   Section        0  heapauxi.o(.text)
    .text                                    0x08000270   Section        8  libspace.o(.text)
    .text                                    0x08000278   Section       74  sys_stackheap_outer.o(.text)
    .text                                    0x080002c2   Section        0  exit.o(.text)
    .text                                    0x080002d4   Section        0  sys_exit.o(.text)
    .text                                    0x080002e0   Section        2  use_no_semi.o(.text)
    .text                                    0x080002e2   Section        0  indicate_semi.o(.text)
    i.DCMI_CaptureCmd                        0x080002e4   Section        0  stm32f4xx_dcmi.o(i.DCMI_CaptureCmd)
    i.DCMI_ClearFlag                         0x08000308   Section        0  stm32f4xx_dcmi.o(i.DCMI_ClearFlag)
    i.DCMI_Cmd                               0x08000314   Section        0  stm32f4xx_dcmi.o(i.DCMI_Cmd)
    i.DCMI_GetFlagStatus                     0x08000338   Section        0  stm32f4xx_dcmi.o(i.DCMI_GetFlagStatus)
    i.DCMI_IRQHandler                        0x0800036c   Section        0  main.o(i.DCMI_IRQHandler)
    i.DCMI_ITConfig                          0x080003b8   Section        0  stm32f4xx_dcmi.o(i.DCMI_ITConfig)
    i.DCMI_Init                              0x080003dc   Section        0  stm32f4xx_dcmi.o(i.DCMI_Init)
    i.DMA2_Stream1_IRQHandler                0x0800041c   Section        0  main.o(i.DMA2_Stream1_IRQHandler)
    i.DMA_ClearITPendingBit                  0x0800045c   Section        0  stm32f4xx_dma.o(i.DMA_ClearITPendingBit)
    i.DMA_Cmd                                0x08000490   Section        0  stm32f4xx_dma.o(i.DMA_Cmd)
    i.DMA_DeInit                             0x080004a8   Section        0  stm32f4xx_dma.o(i.DMA_DeInit)
    i.DMA_GetITStatus                        0x08000600   Section        0  stm32f4xx_dma.o(i.DMA_GetITStatus)
    i.DMA_ITConfig                           0x08000664   Section        0  stm32f4xx_dma.o(i.DMA_ITConfig)
    i.DMA_Init                               0x080006a0   Section        0  stm32f4xx_dma.o(i.DMA_Init)
    i.GPIO_Init                              0x080006f8   Section        0  stm32f4xx_gpio.o(i.GPIO_Init)
    i.GPIO_PinAFConfig                       0x08000788   Section        0  stm32f4xx_gpio.o(i.GPIO_PinAFConfig)
    i.GPIO_ReadInputDataBit                  0x080007ce   Section        0  stm32f4xx_gpio.o(i.GPIO_ReadInputDataBit)
    i.GPIO_ResetBits                         0x080007e0   Section        0  stm32f4xx_gpio.o(i.GPIO_ResetBits)
    i.GPIO_SetBits                           0x080007e4   Section        0  stm32f4xx_gpio.o(i.GPIO_SetBits)
    i.I2C_ReceiveByte                        0x080007e8   Section        0  ov7670.o(i.I2C_ReceiveByte)
    i.NVIC_Init                              0x0800083c   Section        0  misc.o(i.NVIC_Init)
    i.NVIC_PriorityGroupConfig               0x080008b4   Section        0  misc.o(i.NVIC_PriorityGroupConfig)
    i.RCC_AHB1PeriphClockCmd                 0x080008c8   Section        0  stm32f4xx_rcc.o(i.RCC_AHB1PeriphClockCmd)
    i.RCC_AHB2PeriphClockCmd                 0x080008e8   Section        0  stm32f4xx_rcc.o(i.RCC_AHB2PeriphClockCmd)
    i.RCC_APB1PeriphClockCmd                 0x08000908   Section        0  stm32f4xx_rcc.o(i.RCC_APB1PeriphClockCmd)
    i.RCC_GetClocksFreq                      0x08000928   Section        0  stm32f4xx_rcc.o(i.RCC_GetClocksFreq)
    i.RCC_GetFlagStatus                      0x08000a10   Section        0  stm32f4xx_rcc.o(i.RCC_GetFlagStatus)
    i.RCC_MCO2Config                         0x08000a50   Section        0  stm32f4xx_rcc.o(i.RCC_MCO2Config)
    i.RCC_PLLI2SCmd                          0x08000a6c   Section        0  stm32f4xx_rcc.o(i.RCC_PLLI2SCmd)
    i.RCC_PLLI2SConfig                       0x08000a78   Section        0  stm32f4xx_rcc.o(i.RCC_PLLI2SConfig)
    i.SCCB_Delay                             0x08000a88   Section        0  ov7670.o(i.SCCB_Delay)
    i.Serial_init                            0x08000a98   Section        0  ov7670.o(i.Serial_init)
    i.Serial_sendb                           0x08000b68   Section        0  ov7670.o(i.Serial_sendb)
    i.SetSysClock                            0x08000b88   Section        0  system_stm32f4xx.o(i.SetSysClock)
    SetSysClock                              0x08000b89   Thumb Code   220  system_stm32f4xx.o(i.SetSysClock)
    i.SystemInit                             0x08000c74   Section        0  system_stm32f4xx.o(i.SystemInit)
    i.USART_Cmd                              0x08000cdc   Section        0  stm32f4xx_usart.o(i.USART_Cmd)
    i.USART_GetFlagStatus                    0x08000cf4   Section        0  stm32f4xx_usart.o(i.USART_GetFlagStatus)
    i.USART_ITConfig                         0x08000d0e   Section        0  stm32f4xx_usart.o(i.USART_ITConfig)
    i.USART_Init                             0x08000d58   Section        0  stm32f4xx_usart.o(i.USART_Init)
    i.USART_SendData                         0x08000e2c   Section        0  stm32f4xx_usart.o(i.USART_SendData)
    i.camera_init                            0x08000e34   Section        0  ov7670.o(i.camera_init)
    i.dcmi_init                              0x08000e40   Section        0  ov7670.o(i.dcmi_init)
    i.def_as_input                           0x08001098   Section        0  ov7670.o(i.def_as_input)
    i.def_as_output                          0x080010c4   Section        0  ov7670.o(i.def_as_output)
    i.dumpFrame                              0x080010f0   Section        0  ov7670.o(i.dumpFrame)
    i.init                                   0x08001120   Section        0  ov7670.o(i.init)
    i.main                                   0x08001210   Section        0  main.o(i.main)
    i.multi_write                            0x080012d4   Section        0  ov7670.o(i.multi_write)
    i.ov_7670_init_for_snapShot              0x08001304   Section        0  ov7670.o(i.ov_7670_init_for_snapShot)
    i.sccb_write                             0x080013a8   Section        0  ov7670.o(i.sccb_write)
    i.start                                  0x0800144c   Section        0  ov7670.o(i.start)
    i.stop                                   0x08001488   Section        0  ov7670.o(i.stop)
    x$fpl$fpinit                             0x080014c4   Section       10  fpinit.o(x$fpl$fpinit)
    $v0                                      0x080014c4   Number         0  fpinit.o(x$fpl$fpinit)
    .constdata                               0x080014ce   Section      366  ov7670.o(.constdata)
    .data                                    0x20000000   Section       20  main.o(.data)
    frame_flag                               0x20000008   Data           4  main.o(.data)
    send_sync_frame                          0x2000000c   Data           4  main.o(.data)
    .data                                    0x20000014   Section       24  ov7670.o(.data)
    .data                                    0x2000002c   Section       16  stm32f4xx_rcc.o(.data)
    APBAHBPrescTable                         0x2000002c   Data          16  stm32f4xx_rcc.o(.data)
    .bss                                     0x2000003c   Section    50688  ov7670.o(.bss)
    .bss                                     0x2000c63c   Section       96  libspace.o(.bss)
    HEAP                                     0x2000c6a0   Section      512  startup_stm32f40_41xxx.o(HEAP)
    Heap_Mem                                 0x2000c6a0   Data         512  startup_stm32f40_41xxx.o(HEAP)
    STACK                                    0x2000c8a0   Section     1024  startup_stm32f40_41xxx.o(STACK)
    Stack_Mem                                0x2000c8a0   Data        1024  startup_stm32f40_41xxx.o(STACK)
    __initial_sp                             0x2000cca0   Data           0  startup_stm32f40_41xxx.o(STACK)

    Global Symbols

    Symbol Name                              Value     Ov Type        Size  Object(Section)

    BuildAttributes$$THM_ISAv4$E$P$D$K$B$S$7EM$VFPi3$EXTD16$VFPS$VFMA$PE$A:L22UL41UL21$X:L11$S22US41US21$IEEE1$IW$USESV6$~STKCKD$USESV7$~SHL$OTIME$ROPI$IEEEX$EBA8$UX$STANDARDLIB$REQ8$PRES8$EABIv2 0x00000000   Number         0  anon$$obj.o ABSOLUTE
    __ARM_use_no_argv                        0x00000000   Number         0  main.o ABSOLUTE
    __ARM_exceptions_init                     - Undefined Weak Reference
    __alloca_initialize                       - Undefined Weak Reference
    __arm_preinit_                            - Undefined Weak Reference
    __cpp_initialize__aeabi_                  - Undefined Weak Reference
    __cxa_finalize                            - Undefined Weak Reference
    __rt_locale                               - Undefined Weak Reference
    __sigvec_lookup                           - Undefined Weak Reference
    _atexit_init                              - Undefined Weak Reference
    _call_atexit_fns                          - Undefined Weak Reference
    _clock_init                               - Undefined Weak Reference
    _fp_trap_init                             - Undefined Weak Reference
    _fp_trap_shutdown                         - Undefined Weak Reference
    _get_lc_collate                           - Undefined Weak Reference
    _get_lc_ctype                             - Undefined Weak Reference
    _get_lc_monetary                          - Undefined Weak Reference
    _get_lc_numeric                           - Undefined Weak Reference
    _get_lc_time                              - Undefined Weak Reference
    _getenv_init                              - Undefined Weak Reference
    _handle_redirection                       - Undefined Weak Reference
    _init_alloc                               - Undefined Weak Reference
    _init_user_alloc                          - Undefined Weak Reference
    _initio                                   - Undefined Weak Reference
    _rand_init                                - Undefined Weak Reference
    _signal_finish                            - Undefined Weak Reference
    _signal_init                              - Undefined Weak Reference
    _terminate_alloc                          - Undefined Weak Reference
    _terminate_user_alloc                     - Undefined Weak Reference
    _terminateio                              - Undefined Weak Reference
    __Vectors_Size                           0x00000188   Number         0  startup_stm32f40_41xxx.o ABSOLUTE
    __Vectors                                0x08000000   Data           4  startup_stm32f40_41xxx.o(RESET)
    __Vectors_End                            0x08000188   Data           0  startup_stm32f40_41xxx.o(RESET)
    __main                                   0x08000189   Thumb Code     8  __main.o(!!!main)
    __scatterload                            0x08000191   Thumb Code     0  __scatter.o(!!!scatter)
    __scatterload_rt2                        0x08000191   Thumb Code    44  __scatter.o(!!!scatter)
    __scatterload_rt2_thumb_only             0x08000191   Thumb Code     0  __scatter.o(!!!scatter)
    __scatterload_null                       0x0800019f   Thumb Code     0  __scatter.o(!!!scatter)
    __scatterload_copy                       0x080001c5   Thumb Code    26  __scatter_copy.o(!!handler_copy)
    __scatterload_zeroinit                   0x080001e1   Thumb Code    28  __scatter_zi.o(!!handler_zi)
    __rt_lib_init                            0x080001fd   Thumb Code     0  libinit.o(.ARM.Collect$$libinit$$00000000)
    __rt_lib_init_fp_1                       0x080001ff   Thumb Code     0  libinit2.o(.ARM.Collect$$libinit$$00000001)
    __rt_lib_init_alloca_1                   0x08000203   Thumb Code     0  libinit2.o(.ARM.Collect$$libinit$$0000002E)
    __rt_lib_init_argv_1                     0x08000203   Thumb Code     0  libinit2.o(.ARM.Collect$$libinit$$0000002C)
    __rt_lib_init_atexit_1                   0x08000203   Thumb Code     0  libinit2.o(.ARM.Collect$$libinit$$0000001B)
    __rt_lib_init_clock_1                    0x08000203   Thumb Code     0  libinit2.o(.ARM.Collect$$libinit$$00000021)
    __rt_lib_init_cpp_1                      0x08000203   Thumb Code     0  libinit2.o(.ARM.Collect$$libinit$$00000032)
    __rt_lib_init_exceptions_1               0x08000203   Thumb Code     0  libinit2.o(.ARM.Collect$$libinit$$00000030)
    __rt_lib_init_fp_trap_1                  0x08000203   Thumb Code     0  libinit2.o(.ARM.Collect$$libinit$$0000001F)
    __rt_lib_init_getenv_1                   0x08000203   Thumb Code     0  libinit2.o(.ARM.Collect$$libinit$$00000023)
    __rt_lib_init_heap_1                     0x08000203   Thumb Code     0  libinit2.o(.ARM.Collect$$libinit$$0000000A)
    __rt_lib_init_lc_collate_1               0x08000203   Thumb Code     0  libinit2.o(.ARM.Collect$$libinit$$00000011)
    __rt_lib_init_lc_ctype_1                 0x08000203   Thumb Code     0  libinit2.o(.ARM.Collect$$libinit$$00000013)
    __rt_lib_init_lc_monetary_1              0x08000203   Thumb Code     0  libinit2.o(.ARM.Collect$$libinit$$00000015)
    __rt_lib_init_lc_numeric_1               0x08000203   Thumb Code     0  libinit2.o(.ARM.Collect$$libinit$$00000017)
    __rt_lib_init_lc_time_1                  0x08000203   Thumb Code     0  libinit2.o(.ARM.Collect$$libinit$$00000019)
    __rt_lib_init_preinit_1                  0x08000203   Thumb Code     0  libinit2.o(.ARM.Collect$$libinit$$00000004)
    __rt_lib_init_rand_1                     0x08000203   Thumb Code     0  libinit2.o(.ARM.Collect$$libinit$$0000000E)
    __rt_lib_init_return                     0x08000203   Thumb Code     0  libinit2.o(.ARM.Collect$$libinit$$00000033)
    __rt_lib_init_signal_1                   0x08000203   Thumb Code     0  libinit2.o(.ARM.Collect$$libinit$$0000001D)
    __rt_lib_init_stdio_1                    0x08000203   Thumb Code     0  libinit2.o(.ARM.Collect$$libinit$$00000025)
    __rt_lib_init_user_alloc_1               0x08000203   Thumb Code     0  libinit2.o(.ARM.Collect$$libinit$$0000000C)
    __rt_lib_shutdown                        0x08000205   Thumb Code     0  libshutdown.o(.ARM.Collect$$libshutdown$$00000000)
    __rt_lib_shutdown_cpp_1                  0x08000207   Thumb Code     0  libshutdown2.o(.ARM.Collect$$libshutdown$$00000002)
    __rt_lib_shutdown_fp_trap_1              0x08000207   Thumb Code     0  libshutdown2.o(.ARM.Collect$$libshutdown$$00000007)
    __rt_lib_shutdown_heap_1                 0x08000207   Thumb Code     0  libshutdown2.o(.ARM.Collect$$libshutdown$$0000000F)
    __rt_lib_shutdown_return                 0x08000207   Thumb Code     0  libshutdown2.o(.ARM.Collect$$libshutdown$$00000010)
    __rt_lib_shutdown_signal_1               0x08000207   Thumb Code     0  libshutdown2.o(.ARM.Collect$$libshutdown$$0000000A)
    __rt_lib_shutdown_stdio_1                0x08000207   Thumb Code     0  libshutdown2.o(.ARM.Collect$$libshutdown$$00000004)
    __rt_lib_shutdown_user_alloc_1           0x08000207   Thumb Code     0  libshutdown2.o(.ARM.Collect$$libshutdown$$0000000C)
    __rt_entry                               0x08000209   Thumb Code     0  __rtentry.o(.ARM.Collect$$rtentry$$00000000)
    __rt_entry_presh_1                       0x08000209   Thumb Code     0  __rtentry2.o(.ARM.Collect$$rtentry$$00000002)
    __rt_entry_sh                            0x08000209   Thumb Code     0  __rtentry4.o(.ARM.Collect$$rtentry$$00000004)
    __rt_entry_li                            0x0800020f   Thumb Code     0  __rtentry2.o(.ARM.Collect$$rtentry$$0000000A)
    __rt_entry_postsh_1                      0x0800020f   Thumb Code     0  __rtentry2.o(.ARM.Collect$$rtentry$$00000009)
    __rt_entry_main                          0x08000213   Thumb Code     0  __rtentry2.o(.ARM.Collect$$rtentry$$0000000D)
    __rt_entry_postli_1                      0x08000213   Thumb Code     0  __rtentry2.o(.ARM.Collect$$rtentry$$0000000C)
    __rt_exit                                0x0800021b   Thumb Code     0  rtexit.o(.ARM.Collect$$rtexit$$00000000)
    __rt_exit_ls                             0x0800021d   Thumb Code     0  rtexit2.o(.ARM.Collect$$rtexit$$00000003)
    __rt_exit_prels_1                        0x0800021d   Thumb Code     0  rtexit2.o(.ARM.Collect$$rtexit$$00000002)
    __rt_exit_exit                           0x08000221   Thumb Code     0  rtexit2.o(.ARM.Collect$$rtexit$$00000004)
    Reset_Handler                            0x08000229   Thumb Code     8  startup_stm32f40_41xxx.o(.text)
    NMI_Handler                              0x08000231   Thumb Code     2  startup_stm32f40_41xxx.o(.text)
    HardFault_Handler                        0x08000233   Thumb Code     2  startup_stm32f40_41xxx.o(.text)
    MemManage_Handler                        0x08000235   Thumb Code     2  startup_stm32f40_41xxx.o(.text)
    BusFault_Handler                         0x08000237   Thumb Code     2  startup_stm32f40_41xxx.o(.text)
    UsageFault_Handler                       0x08000239   Thumb Code     2  startup_stm32f40_41xxx.o(.text)
    SVC_Handler                              0x0800023b   Thumb Code     2  startup_stm32f40_41xxx.o(.text)
    DebugMon_Handler                         0x0800023d   Thumb Code     2  startup_stm32f40_41xxx.o(.text)
    PendSV_Handler                           0x0800023f   Thumb Code     2  startup_stm32f40_41xxx.o(.text)
    SysTick_Handler                          0x08000241   Thumb Code     2  startup_stm32f40_41xxx.o(.text)
    ADC_IRQHandler                           0x08000243   Thumb Code     0  startup_stm32f40_41xxx.o(.text)
    CAN1_RX0_IRQHandler                      0x08000243   Thumb Code     0  startup_stm32f40_41xxx.o(.text)
    CAN1_RX1_IRQHandler                      0x08000243   Thumb Code     0  startup_stm32f40_41xxx.o(.text)
    CAN1_SCE_IRQHandler                      0x08000243   Thumb Code     0  startup_stm32f40_41xxx.o(.text)
    CAN1_TX_IRQHandler                       0x08000243   Thumb Code     0  startup_stm32f40_41xxx.o(.text)
    CAN2_RX0_IRQHandler                      0x08000243   Thumb Code     0  startup_stm32f40_41xxx.o(.text)
    CAN2_RX1_IRQHandler                      0x08000243   Thumb Code     0  startup_stm32f40_41xxx.o(.text)
    CAN2_SCE_IRQHandler                      0x08000243   Thumb Code     0  startup_stm32f40_41xxx.o(.text)
    CAN2_TX_IRQHandler                       0x08000243   Thumb Code     0  startup_stm32f40_41xxx.o(.text)
    CRYP_IRQHandler                          0x08000243   Thumb Code     0  startup_stm32f40_41xxx.o(.text)
    DMA1_Stream0_IRQHandler                  0x08000243   Thumb Code     0  startup_stm32f40_41xxx.o(.text)
    DMA1_Stream1_IRQHandler                  0x08000243   Thumb Code     0  startup_stm32f40_41xxx.o(.text)
    DMA1_Stream2_IRQHandler                  0x08000243   Thumb Code     0  startup_stm32f40_41xxx.o(.text)
    DMA1_Stream3_IRQHandler                  0x08000243   Thumb Code     0  startup_stm32f40_41xxx.o(.text)
    DMA1_Stream4_IRQHandler                  0x08000243   Thumb Code     0  startup_stm32f40_41xxx.o(.text)
    DMA1_Stream5_IRQHandler                  0x08000243   Thumb Code     0  startup_stm32f40_41xxx.o(.text)
    DMA1_Stream6_IRQHandler                  0x08000243   Thumb Code     0  startup_stm32f40_41xxx.o(.text)
    DMA1_Stream7_IRQHandler                  0x08000243   Thumb Code     0  startup_stm32f40_41xxx.o(.text)
    DMA2_Stream0_IRQHandler                  0x08000243   Thumb Code     0  startup_stm32f40_41xxx.o(.text)
    DMA2_Stream2_IRQHandler                  0x08000243   Thumb Code     0  startup_stm32f40_41xxx.o(.text)
    DMA2_Stream3_IRQHandler                  0x08000243   Thumb Code     0  startup_stm32f40_41xxx.o(.text)
    DMA2_Stream4_IRQHandler                  0x08000243   Thumb Code     0  startup_stm32f40_41xxx.o(.text)
    DMA2_Stream5_IRQHandler                  0x08000243   Thumb Code     0  startup_stm32f40_41xxx.o(.text)
    DMA2_Stream6_IRQHandler                  0x08000243   Thumb Code     0  startup_stm32f40_41xxx.o(.text)
    DMA2_Stream7_IRQHandler                  0x08000243   Thumb Code     0  startup_stm32f40_41xxx.o(.text)
    ETH_IRQHandler                           0x08000243   Thumb Code     0  startup_stm32f40_41xxx.o(.text)
    ETH_WKUP_IRQHandler                      0x08000243   Thumb Code     0  startup_stm32f40_41xxx.o(.text)
    EXTI0_IRQHandler                         0x08000243   Thumb Code     0  startup_stm32f40_41xxx.o(.text)
    EXTI15_10_IRQHandler                     0x08000243   Thumb Code     0  startup_stm32f40_41xxx.o(.text)
    EXTI1_IRQHandler                         0x08000243   Thumb Code     0  startup_stm32f40_41xxx.o(.text)
    EXTI2_IRQHandler                         0x08000243   Thumb Code     0  startup_stm32f40_41xxx.o(.text)
    EXTI3_IRQHandler                         0x08000243   Thumb Code     0  startup_stm32f40_41xxx.o(.text)
    EXTI4_IRQHandler                         0x08000243   Thumb Code     0  startup_stm32f40_41xxx.o(.text)
    EXTI9_5_IRQHandler                       0x08000243   Thumb Code     0  startup_stm32f40_41xxx.o(.text)
    FLASH_IRQHandler                         0x08000243   Thumb Code     0  startup_stm32f40_41xxx.o(.text)
    FPU_IRQHandler                           0x08000243   Thumb Code     0  startup_stm32f40_41xxx.o(.text)
    FSMC_IRQHandler                          0x08000243   Thumb Code     0  startup_stm32f40_41xxx.o(.text)
    HASH_RNG_IRQHandler                      0x08000243   Thumb Code     0  startup_stm32f40_41xxx.o(.text)
    I2C1_ER_IRQHandler                       0x08000243   Thumb Code     0  startup_stm32f40_41xxx.o(.text)
    I2C1_EV_IRQHandler                       0x08000243   Thumb Code     0  startup_stm32f40_41xxx.o(.text)
    I2C2_ER_IRQHandler                       0x08000243   Thumb Code     0  startup_stm32f40_41xxx.o(.text)
    I2C2_EV_IRQHandler                       0x08000243   Thumb Code     0  startup_stm32f40_41xxx.o(.text)
    I2C3_ER_IRQHandler                       0x08000243   Thumb Code     0  startup_stm32f40_41xxx.o(.text)
    I2C3_EV_IRQHandler                       0x08000243   Thumb Code     0  startup_stm32f40_41xxx.o(.text)
    OTG_FS_IRQHandler                        0x08000243   Thumb Code     0  startup_stm32f40_41xxx.o(.text)
    OTG_FS_WKUP_IRQHandler                   0x08000243   Thumb Code     0  startup_stm32f40_41xxx.o(.text)
    OTG_HS_EP1_IN_IRQHandler                 0x08000243   Thumb Code     0  startup_stm32f40_41xxx.o(.text)
    OTG_HS_EP1_OUT_IRQHandler                0x08000243   Thumb Code     0  startup_stm32f40_41xxx.o(.text)
    OTG_HS_IRQHandler                        0x08000243   Thumb Code     0  startup_stm32f40_41xxx.o(.text)
    OTG_HS_WKUP_IRQHandler                   0x08000243   Thumb Code     0  startup_stm32f40_41xxx.o(.text)
    PVD_IRQHandler                           0x08000243   Thumb Code     0  startup_stm32f40_41xxx.o(.text)
    RCC_IRQHandler                           0x08000243   Thumb Code     0  startup_stm32f40_41xxx.o(.text)
    RTC_Alarm_IRQHandler                     0x08000243   Thumb Code     0  startup_stm32f40_41xxx.o(.text)
    RTC_WKUP_IRQHandler                      0x08000243   Thumb Code     0  startup_stm32f40_41xxx.o(.text)
    SDIO_IRQHandler                          0x08000243   Thumb Code     0  startup_stm32f40_41xxx.o(.text)
    SPI1_IRQHandler                          0x08000243   Thumb Code     0  startup_stm32f40_41xxx.o(.text)
    SPI2_IRQHandler                          0x08000243   Thumb Code     0  startup_stm32f40_41xxx.o(.text)
    SPI3_IRQHandler                          0x08000243   Thumb Code     0  startup_stm32f40_41xxx.o(.text)
    TAMP_STAMP_IRQHandler                    0x08000243   Thumb Code     0  startup_stm32f40_41xxx.o(.text)
    TIM1_BRK_TIM9_IRQHandler                 0x08000243   Thumb Code     0  startup_stm32f40_41xxx.o(.text)
    TIM1_CC_IRQHandler                       0x08000243   Thumb Code     0  startup_stm32f40_41xxx.o(.text)
    TIM1_TRG_COM_TIM11_IRQHandler            0x08000243   Thumb Code     0  startup_stm32f40_41xxx.o(.text)
    TIM1_UP_TIM10_IRQHandler                 0x08000243   Thumb Code     0  startup_stm32f40_41xxx.o(.text)
    TIM2_IRQHandler                          0x08000243   Thumb Code     0  startup_stm32f40_41xxx.o(.text)
    TIM3_IRQHandler                          0x08000243   Thumb Code     0  startup_stm32f40_41xxx.o(.text)
    TIM4_IRQHandler                          0x08000243   Thumb Code     0  startup_stm32f40_41xxx.o(.text)
    TIM5_IRQHandler                          0x08000243   Thumb Code     0  startup_stm32f40_41xxx.o(.text)
    TIM6_DAC_IRQHandler                      0x08000243   Thumb Code     0  startup_stm32f40_41xxx.o(.text)
    TIM7_IRQHandler                          0x08000243   Thumb Code     0  startup_stm32f40_41xxx.o(.text)
    TIM8_BRK_TIM12_IRQHandler                0x08000243   Thumb Code     0  startup_stm32f40_41xxx.o(.text)
    TIM8_CC_IRQHandler                       0x08000243   Thumb Code     0  startup_stm32f40_41xxx.o(.text)
    TIM8_TRG_COM_TIM14_IRQHandler            0x08000243   Thumb Code     0  startup_stm32f40_41xxx.o(.text)
    TIM8_UP_TIM13_IRQHandler                 0x08000243   Thumb Code     0  startup_stm32f40_41xxx.o(.text)
    UART4_IRQHandler                         0x08000243   Thumb Code     0  startup_stm32f40_41xxx.o(.text)
    UART5_IRQHandler                         0x08000243   Thumb Code     0  startup_stm32f40_41xxx.o(.text)
    USART1_IRQHandler                        0x08000243   Thumb Code     0  startup_stm32f40_41xxx.o(.text)
    USART2_IRQHandler                        0x08000243   Thumb Code     0  startup_stm32f40_41xxx.o(.text)
    USART3_IRQHandler                        0x08000243   Thumb Code     0  startup_stm32f40_41xxx.o(.text)
    USART6_IRQHandler                        0x08000243   Thumb Code     0  startup_stm32f40_41xxx.o(.text)
    WWDG_IRQHandler                          0x08000243   Thumb Code     0  startup_stm32f40_41xxx.o(.text)
    __user_initial_stackheap                 0x08000245   Thumb Code     0  startup_stm32f40_41xxx.o(.text)
    __use_two_region_memory                  0x08000269   Thumb Code     2  heapauxi.o(.text)
    __rt_heap_escrow$2region                 0x0800026b   Thumb Code     2  heapauxi.o(.text)
    __rt_heap_expand$2region                 0x0800026d   Thumb Code     2  heapauxi.o(.text)
    __user_libspace                          0x08000271   Thumb Code     8  libspace.o(.text)
    __user_perproc_libspace                  0x08000271   Thumb Code     0  libspace.o(.text)
    __user_perthread_libspace                0x08000271   Thumb Code     0  libspace.o(.text)
    __user_setup_stackheap                   0x08000279   Thumb Code    74  sys_stackheap_outer.o(.text)
    exit                                     0x080002c3   Thumb Code    18  exit.o(.text)
    _sys_exit                                0x080002d5   Thumb Code     8  sys_exit.o(.text)
    __I$use$semihosting                      0x080002e1   Thumb Code     0  use_no_semi.o(.text)
    __use_no_semihosting_swi                 0x080002e1   Thumb Code     2  use_no_semi.o(.text)
    __semihosting_library_function           0x080002e3   Thumb Code     0  indicate_semi.o(.text)
    DCMI_CaptureCmd                          0x080002e5   Thumb Code    30  stm32f4xx_dcmi.o(i.DCMI_CaptureCmd)
    DCMI_ClearFlag                           0x08000309   Thumb Code     6  stm32f4xx_dcmi.o(i.DCMI_ClearFlag)
    DCMI_Cmd                                 0x08000315   Thumb Code    30  stm32f4xx_dcmi.o(i.DCMI_Cmd)
    DCMI_GetFlagStatus                       0x08000339   Thumb Code    46  stm32f4xx_dcmi.o(i.DCMI_GetFlagStatus)
    DCMI_IRQHandler                          0x0800036d   Thumb Code    70  main.o(i.DCMI_IRQHandler)
    DCMI_ITConfig                            0x080003b9   Thumb Code    30  stm32f4xx_dcmi.o(i.DCMI_ITConfig)
    DCMI_Init                                0x080003dd   Thumb Code    60  stm32f4xx_dcmi.o(i.DCMI_Init)
    DMA2_Stream1_IRQHandler                  0x0800041d   Thumb Code    48  main.o(i.DMA2_Stream1_IRQHandler)
    DMA_ClearITPendingBit                    0x0800045d   Thumb Code    38  stm32f4xx_dma.o(i.DMA_ClearITPendingBit)
    DMA_Cmd                                  0x08000491   Thumb Code    22  stm32f4xx_dma.o(i.DMA_Cmd)
    DMA_DeInit                               0x080004a9   Thumb Code   324  stm32f4xx_dma.o(i.DMA_DeInit)
    DMA_GetITStatus                          0x08000601   Thumb Code    82  stm32f4xx_dma.o(i.DMA_GetITStatus)
    DMA_ITConfig                             0x08000665   Thumb Code    58  stm32f4xx_dma.o(i.DMA_ITConfig)
    DMA_Init                                 0x080006a1   Thumb Code    82  stm32f4xx_dma.o(i.DMA_Init)
    GPIO_Init                                0x080006f9   Thumb Code   144  stm32f4xx_gpio.o(i.GPIO_Init)
    GPIO_PinAFConfig                         0x08000789   Thumb Code    70  stm32f4xx_gpio.o(i.GPIO_PinAFConfig)
    GPIO_ReadInputDataBit                    0x080007cf   Thumb Code    18  stm32f4xx_gpio.o(i.GPIO_ReadInputDataBit)
    GPIO_ResetBits                           0x080007e1   Thumb Code     4  stm32f4xx_gpio.o(i.GPIO_ResetBits)
    GPIO_SetBits                             0x080007e5   Thumb Code     4  stm32f4xx_gpio.o(i.GPIO_SetBits)
    I2C_ReceiveByte                          0x080007e9   Thumb Code    80  ov7670.o(i.I2C_ReceiveByte)
    NVIC_Init                                0x0800083d   Thumb Code   106  misc.o(i.NVIC_Init)
    NVIC_PriorityGroupConfig                 0x080008b5   Thumb Code    10  misc.o(i.NVIC_PriorityGroupConfig)
    RCC_AHB1PeriphClockCmd                   0x080008c9   Thumb Code    26  stm32f4xx_rcc.o(i.RCC_AHB1PeriphClockCmd)
    RCC_AHB2PeriphClockCmd                   0x080008e9   Thumb Code    26  stm32f4xx_rcc.o(i.RCC_AHB2PeriphClockCmd)
    RCC_APB1PeriphClockCmd                   0x08000909   Thumb Code    26  stm32f4xx_rcc.o(i.RCC_APB1PeriphClockCmd)
    RCC_GetClocksFreq                        0x08000929   Thumb Code   214  stm32f4xx_rcc.o(i.RCC_GetClocksFreq)
    RCC_GetFlagStatus                        0x08000a11   Thumb Code    60  stm32f4xx_rcc.o(i.RCC_GetFlagStatus)
    RCC_MCO2Config                           0x08000a51   Thumb Code    24  stm32f4xx_rcc.o(i.RCC_MCO2Config)
    RCC_PLLI2SCmd                            0x08000a6d   Thumb Code     6  stm32f4xx_rcc.o(i.RCC_PLLI2SCmd)
    RCC_PLLI2SConfig                         0x08000a79   Thumb Code    12  stm32f4xx_rcc.o(i.RCC_PLLI2SConfig)
    SCCB_Delay                               0x08000a89   Thumb Code    14  ov7670.o(i.SCCB_Delay)
    Serial_init                              0x08000a99   Thumb Code   198  ov7670.o(i.Serial_init)
    Serial_sendb                             0x08000b69   Thumb Code    28  ov7670.o(i.Serial_sendb)
    SystemInit                               0x08000c75   Thumb Code    88  system_stm32f4xx.o(i.SystemInit)
    USART_Cmd                                0x08000cdd   Thumb Code    24  stm32f4xx_usart.o(i.USART_Cmd)
    USART_GetFlagStatus                      0x08000cf5   Thumb Code    26  stm32f4xx_usart.o(i.USART_GetFlagStatus)
    USART_ITConfig                           0x08000d0f   Thumb Code    74  stm32f4xx_usart.o(i.USART_ITConfig)
    USART_Init                               0x08000d59   Thumb Code   204  stm32f4xx_usart.o(i.USART_Init)
    USART_SendData                           0x08000e2d   Thumb Code     8  stm32f4xx_usart.o(i.USART_SendData)
    camera_init                              0x08000e35   Thumb Code    12  ov7670.o(i.camera_init)
    dcmi_init                                0x08000e41   Thumb Code   566  ov7670.o(i.dcmi_init)
    def_as_input                             0x08001099   Thumb Code    40  ov7670.o(i.def_as_input)
    def_as_output                            0x080010c5   Thumb Code    40  ov7670.o(i.def_as_output)
    dumpFrame                                0x080010f1   Thumb Code    40  ov7670.o(i.dumpFrame)
    init                                     0x08001121   Thumb Code   226  ov7670.o(i.init)
    main                                     0x08001211   Thumb Code   174  main.o(i.main)
    multi_write                              0x080012d5   Thumb Code    48  ov7670.o(i.multi_write)
    ov_7670_init_for_snapShot                0x08001305   Thumb Code   150  ov7670.o(i.ov_7670_init_for_snapShot)
    sccb_write                               0x080013a9   Thumb Code   160  ov7670.o(i.sccb_write)
    start                                    0x0800144d   Thumb Code    56  ov7670.o(i.start)
    stop                                     0x08001489   Thumb Code    56  ov7670.o(i.stop)
    _fp_init                                 0x080014c5   Thumb Code    10  fpinit.o(x$fpl$fpinit)
    __fplib_config_fpu_vfp                   0x080014cd   Thumb Code     0  fpinit.o(x$fpl$fpinit)
    __fplib_config_pureend_doubles           0x080014cd   Thumb Code     0  fpinit.o(x$fpl$fpinit)
    OV7670_reg                               0x080014ce   Data         312  ov7670.o(.constdata)
    ov7670_fmt_rgb565                        0x08001606   Data          24  ov7670.o(.constdata)
    ov7670_qcif_regs                         0x0800161e   Data          30  ov7670.o(.constdata)
    Region$$Table$$Base                      0x0800163c   Number         0  anon$$obj.o(Region$$Table)
    Region$$Table$$Limit                     0x0800165c   Number         0  anon$$obj.o(Region$$Table)
    inn                                      0x20000000   Data           4  main.o(.data)
    camera_snap_ready                        0x20000004   Data           4  main.o(.data)
    a_12                                     0x20000010   Data           4  main.o(.data)
    length                                   0x20000014   Data           4  ov7670.o(.data)
    ov7670_qqvga_regs                        0x20000018   Data          20  ov7670.o(.data)
    resim                                    0x2000003c   Data       50688  ov7670.o(.bss)
    __libspace_start                         0x2000c63c   Data          96  libspace.o(.bss)
    __temporary_stack_top$libspace           0x2000c69c   Data           0  libspace.o(.bss)



==============================================================================

Memory Map of the image

  Image Entry point : 0x08000189

  Load Region LR_IROM1 (Base: 0x08000000, Size: 0x00001698, Max: 0x00100000, ABSOLUTE)

    Execution Region ER_IROM1 (Exec base: 0x08000000, Load base: 0x08000000, Size: 0x0000165c, Max: 0x00100000, ABSOLUTE)

    Exec Addr    Load Addr    Size         Type   Attr      Idx    E Section Name        Object

    0x08000000   0x08000000   0x00000188   Data   RO         5020    RESET               startup_stm32f40_41xxx.o
    0x08000188   0x08000188   0x00000008   Code   RO         5086  * !!!main             c_w.l(__main.o)
    0x08000190   0x08000190   0x00000034   Code   RO         5404    !!!scatter          c_w.l(__scatter.o)
    0x080001c4   0x080001c4   0x0000001a   Code   RO         5406    !!handler_copy      c_w.l(__scatter_copy.o)
    0x080001de   0x080001de   0x00000002   PAD
    0x080001e0   0x080001e0   0x0000001c   Code   RO         5408    !!handler_zi        c_w.l(__scatter_zi.o)
    0x080001fc   0x080001fc   0x00000002   Code   RO         5277    .ARM.Collect$$libinit$$00000000  c_w.l(libinit.o)
    0x080001fe   0x080001fe   0x00000004   Code   RO         5286    .ARM.Collect$$libinit$$00000001  c_w.l(libinit2.o)
    0x08000202   0x08000202   0x00000000   Code   RO         5289    .ARM.Collect$$libinit$$00000004  c_w.l(libinit2.o)
    0x08000202   0x08000202   0x00000000   Code   RO         5292    .ARM.Collect$$libinit$$0000000A  c_w.l(libinit2.o)
    0x08000202   0x08000202   0x00000000   Code   RO         5294    .ARM.Collect$$libinit$$0000000C  c_w.l(libinit2.o)
    0x08000202   0x08000202   0x00000000   Code   RO         5296    .ARM.Collect$$libinit$$0000000E  c_w.l(libinit2.o)
    0x08000202   0x08000202   0x00000000   Code   RO         5299    .ARM.Collect$$libinit$$00000011  c_w.l(libinit2.o)
    0x08000202   0x08000202   0x00000000   Code   RO         5301    .ARM.Collect$$libinit$$00000013  c_w.l(libinit2.o)
    0x08000202   0x08000202   0x00000000   Code   RO         5303    .ARM.Collect$$libinit$$00000015  c_w.l(libinit2.o)
    0x08000202   0x08000202   0x00000000   Code   RO         5305    .ARM.Collect$$libinit$$00000017  c_w.l(libinit2.o)
    0x08000202   0x08000202   0x00000000   Code   RO         5307    .ARM.Collect$$libinit$$00000019  c_w.l(libinit2.o)
    0x08000202   0x08000202   0x00000000   Code   RO         5309    .ARM.Collect$$libinit$$0000001B  c_w.l(libinit2.o)
    0x08000202   0x08000202   0x00000000   Code   RO         5311    .ARM.Collect$$libinit$$0000001D  c_w.l(libinit2.o)
    0x08000202   0x08000202   0x00000000   Code   RO         5313    .ARM.Collect$$libinit$$0000001F  c_w.l(libinit2.o)
    0x08000202   0x08000202   0x00000000   Code   RO         5315    .ARM.Collect$$libinit$$00000021  c_w.l(libinit2.o)
    0x08000202   0x08000202   0x00000000   Code   RO         5317    .ARM.Collect$$libinit$$00000023  c_w.l(libinit2.o)
    0x08000202   0x08000202   0x00000000   Code   RO         5319    .ARM.Collect$$libinit$$00000025  c_w.l(libinit2.o)
    0x08000202   0x08000202   0x00000000   Code   RO         5323    .ARM.Collect$$libinit$$0000002C  c_w.l(libinit2.o)
    0x08000202   0x08000202   0x00000000   Code   RO         5325    .ARM.Collect$$libinit$$0000002E  c_w.l(libinit2.o)
    0x08000202   0x08000202   0x00000000   Code   RO         5327    .ARM.Collect$$libinit$$00000030  c_w.l(libinit2.o)
    0x08000202   0x08000202   0x00000000   Code   RO         5329    .ARM.Collect$$libinit$$00000032  c_w.l(libinit2.o)
    0x08000202   0x08000202   0x00000002   Code   RO         5330    .ARM.Collect$$libinit$$00000033  c_w.l(libinit2.o)
    0x08000204   0x08000204   0x00000002   Code   RO         5361    .ARM.Collect$$libshutdown$$00000000  c_w.l(libshutdown.o)
    0x08000206   0x08000206   0x00000000   Code   RO         5387    .ARM.Collect$$libshutdown$$00000002  c_w.l(libshutdown2.o)
    0x08000206   0x08000206   0x00000000   Code   RO         5389    .ARM.Collect$$libshutdown$$00000004  c_w.l(libshutdown2.o)
    0x08000206   0x08000206   0x00000000   Code   RO         5392    .ARM.Collect$$libshutdown$$00000007  c_w.l(libshutdown2.o)
    0x08000206   0x08000206   0x00000000   Code   RO         5395    .ARM.Collect$$libshutdown$$0000000A  c_w.l(libshutdown2.o)
    0x08000206   0x08000206   0x00000000   Code   RO         5397    .ARM.Collect$$libshutdown$$0000000C  c_w.l(libshutdown2.o)
    0x08000206   0x08000206   0x00000000   Code   RO         5400    .ARM.Collect$$libshutdown$$0000000F  c_w.l(libshutdown2.o)
    0x08000206   0x08000206   0x00000002   Code   RO         5401    .ARM.Collect$$libshutdown$$00000010  c_w.l(libshutdown2.o)
    0x08000208   0x08000208   0x00000000   Code   RO         5186    .ARM.Collect$$rtentry$$00000000  c_w.l(__rtentry.o)
    0x08000208   0x08000208   0x00000000   Code   RO         5240    .ARM.Collect$$rtentry$$00000002  c_w.l(__rtentry2.o)
    0x08000208   0x08000208   0x00000006   Code   RO         5252    .ARM.Collect$$rtentry$$00000004  c_w.l(__rtentry4.o)
    0x0800020e   0x0800020e   0x00000000   Code   RO         5242    .ARM.Collect$$rtentry$$00000009  c_w.l(__rtentry2.o)
    0x0800020e   0x0800020e   0x00000004   Code   RO         5243    .ARM.Collect$$rtentry$$0000000A  c_w.l(__rtentry2.o)
    0x08000212   0x08000212   0x00000000   Code   RO         5245    .ARM.Collect$$rtentry$$0000000C  c_w.l(__rtentry2.o)
    0x08000212   0x08000212   0x00000008   Code   RO         5246    .ARM.Collect$$rtentry$$0000000D  c_w.l(__rtentry2.o)
    0x0800021a   0x0800021a   0x00000002   Code   RO         5278    .ARM.Collect$$rtexit$$00000000  c_w.l(rtexit.o)
    0x0800021c   0x0800021c   0x00000000   Code   RO         5334    .ARM.Collect$$rtexit$$00000002  c_w.l(rtexit2.o)
    0x0800021c   0x0800021c   0x00000004   Code   RO         5335    .ARM.Collect$$rtexit$$00000003  c_w.l(rtexit2.o)
    0x08000220   0x08000220   0x00000006   Code   RO         5336    .ARM.Collect$$rtexit$$00000004  c_w.l(rtexit2.o)
    0x08000226   0x08000226   0x00000002   PAD
    0x08000228   0x08000228   0x00000040   Code   RO         5021    .text               startup_stm32f40_41xxx.o
    0x08000268   0x08000268   0x00000006   Code   RO         5084    .text               c_w.l(heapauxi.o)
    0x0800026e   0x0800026e   0x00000002   PAD
    0x08000270   0x08000270   0x00000008   Code   RO         5261    .text               c_w.l(libspace.o)
    0x08000278   0x08000278   0x0000004a   Code   RO         5264    .text               c_w.l(sys_stackheap_outer.o)
    0x080002c2   0x080002c2   0x00000012   Code   RO         5266    .text               c_w.l(exit.o)
    0x080002d4   0x080002d4   0x0000000c   Code   RO         5331    .text               c_w.l(sys_exit.o)
    0x080002e0   0x080002e0   0x00000002   Code   RO         5350    .text               c_w.l(use_no_semi.o)
    0x080002e2   0x080002e2   0x00000000   Code   RO         5352    .text               c_w.l(indicate_semi.o)
    0x080002e2   0x080002e2   0x00000002   PAD
    0x080002e4   0x080002e4   0x00000024   Code   RO         4097    i.DCMI_CaptureCmd   stm32f4xx_dcmi.o
    0x08000308   0x08000308   0x0000000c   Code   RO         4098    i.DCMI_ClearFlag    stm32f4xx_dcmi.o
    0x08000314   0x08000314   0x00000024   Code   RO         4100    i.DCMI_Cmd          stm32f4xx_dcmi.o
    0x08000338   0x08000338   0x00000034   Code   RO         4102    i.DCMI_GetFlagStatus  stm32f4xx_dcmi.o
    0x0800036c   0x0800036c   0x0000004c   Code   RO            4    i.DCMI_IRQHandler   main.o
    0x080003b8   0x080003b8   0x00000024   Code   RO         4104    i.DCMI_ITConfig     stm32f4xx_dcmi.o
    0x080003dc   0x080003dc   0x00000040   Code   RO         4105    i.DCMI_Init         stm32f4xx_dcmi.o
    0x0800041c   0x0800041c   0x00000040   Code   RO            5    i.DMA2_Stream1_IRQHandler  main.o
    0x0800045c   0x0800045c   0x00000034   Code   RO         4204    i.DMA_ClearITPendingBit  stm32f4xx_dma.o
    0x08000490   0x08000490   0x00000016   Code   RO         4205    i.DMA_Cmd           stm32f4xx_dma.o
    0x080004a6   0x080004a6   0x00000002   PAD
    0x080004a8   0x080004a8   0x00000158   Code   RO         4206    i.DMA_DeInit        stm32f4xx_dma.o
    0x08000600   0x08000600   0x00000064   Code   RO         4215    i.DMA_GetITStatus   stm32f4xx_dma.o
    0x08000664   0x08000664   0x0000003a   Code   RO         4216    i.DMA_ITConfig      stm32f4xx_dma.o
    0x0800069e   0x0800069e   0x00000002   PAD
    0x080006a0   0x080006a0   0x00000058   Code   RO         4217    i.DMA_Init          stm32f4xx_dma.o
    0x080006f8   0x080006f8   0x00000090   Code   RO         4336    i.GPIO_Init         stm32f4xx_gpio.o
    0x08000788   0x08000788   0x00000046   Code   RO         4337    i.GPIO_PinAFConfig  stm32f4xx_gpio.o
    0x080007ce   0x080007ce   0x00000012   Code   RO         4340    i.GPIO_ReadInputDataBit  stm32f4xx_gpio.o
    0x080007e0   0x080007e0   0x00000004   Code   RO         4343    i.GPIO_ResetBits    stm32f4xx_gpio.o
    0x080007e4   0x080007e4   0x00000004   Code   RO         4344    i.GPIO_SetBits      stm32f4xx_gpio.o
    0x080007e8   0x080007e8   0x00000054   Code   RO          109    i.I2C_ReceiveByte   ov7670.o
    0x0800083c   0x0800083c   0x00000078   Code   RO         4047    i.NVIC_Init         misc.o
    0x080008b4   0x080008b4   0x00000014   Code   RO         4048    i.NVIC_PriorityGroupConfig  misc.o
    0x080008c8   0x080008c8   0x00000020   Code   RO         4437    i.RCC_AHB1PeriphClockCmd  stm32f4xx_rcc.o
    0x080008e8   0x080008e8   0x00000020   Code   RO         4440    i.RCC_AHB2PeriphClockCmd  stm32f4xx_rcc.o
    0x08000908   0x08000908   0x00000020   Code   RO         4446    i.RCC_APB1PeriphClockCmd  stm32f4xx_rcc.o
    0x08000928   0x08000928   0x000000e8   Code   RO         4458    i.RCC_GetClocksFreq  stm32f4xx_rcc.o
    0x08000a10   0x08000a10   0x00000040   Code   RO         4459    i.RCC_GetFlagStatus  stm32f4xx_rcc.o
    0x08000a50   0x08000a50   0x0000001c   Code   RO         4471    i.RCC_MCO2Config    stm32f4xx_rcc.o
    0x08000a6c   0x08000a6c   0x0000000c   Code   RO         4476    i.RCC_PLLI2SCmd     stm32f4xx_rcc.o
    0x08000a78   0x08000a78   0x00000010   Code   RO         4477    i.RCC_PLLI2SConfig  stm32f4xx_rcc.o
    0x08000a88   0x08000a88   0x0000000e   Code   RO          110    i.SCCB_Delay        ov7670.o
    0x08000a96   0x08000a96   0x00000002   PAD
    0x08000a98   0x08000a98   0x000000d0   Code   RO          111    i.Serial_init       ov7670.o
    0x08000b68   0x08000b68   0x00000020   Code   RO          114    i.Serial_sendb      ov7670.o
    0x08000b88   0x08000b88   0x000000ec   Code   RO         5028    i.SetSysClock       system_stm32f4xx.o
    0x08000c74   0x08000c74   0x00000068   Code   RO         5030    i.SystemInit        system_stm32f4xx.o
    0x08000cdc   0x08000cdc   0x00000018   Code   RO         4833    i.USART_Cmd         stm32f4xx_usart.o
    0x08000cf4   0x08000cf4   0x0000001a   Code   RO         4836    i.USART_GetFlagStatus  stm32f4xx_usart.o
    0x08000d0e   0x08000d0e   0x0000004a   Code   RO         4839    i.USART_ITConfig    stm32f4xx_usart.o
    0x08000d58   0x08000d58   0x000000d4   Code   RO         4840    i.USART_Init        stm32f4xx_usart.o
    0x08000e2c   0x08000e2c   0x00000008   Code   RO         4850    i.USART_SendData    stm32f4xx_usart.o
    0x08000e34   0x08000e34   0x0000000c   Code   RO          115    i.camera_init       ov7670.o
    0x08000e40   0x08000e40   0x00000258   Code   RO          116    i.dcmi_init         ov7670.o
    0x08001098   0x08001098   0x0000002c   Code   RO          117    i.def_as_input      ov7670.o
    0x080010c4   0x080010c4   0x0000002c   Code   RO          118    i.def_as_output     ov7670.o
    0x080010f0   0x080010f0   0x00000030   Code   RO          119    i.dumpFrame         ov7670.o
    0x08001120   0x08001120   0x000000f0   Code   RO          120    i.init              ov7670.o
    0x08001210   0x08001210   0x000000c4   Code   RO            6    i.main              main.o
    0x080012d4   0x080012d4   0x00000030   Code   RO          121    i.multi_write       ov7670.o
    0x08001304   0x08001304   0x000000a4   Code   RO          122    i.ov_7670_init_for_snapShot  ov7670.o
    0x080013a8   0x080013a8   0x000000a4   Code   RO          124    i.sccb_write        ov7670.o
    0x0800144c   0x0800144c   0x0000003c   Code   RO          125    i.start             ov7670.o
    0x08001488   0x08001488   0x0000003c   Code   RO          126    i.stop              ov7670.o
    0x080014c4   0x080014c4   0x0000000a   Code   RO         5346    x$fpl$fpinit        fz_wm.l(fpinit.o)
    0x080014ce   0x080014ce   0x0000016e   Data   RO          128    .constdata          ov7670.o
    0x0800163c   0x0800163c   0x00000020   Data   RO         5402    Region$$Table       anon$$obj.o


    Execution Region RW_IRAM2 (Exec base: 0x10000000, Load base: 0x08001698, Size: 0x00000000, Max: 0x00010000, ABSOLUTE)

    **** No section assigned to this execution region ****


    Execution Region RW_IRAM1 (Exec base: 0x20000000, Load base: 0x0800165c, Size: 0x0000cca0, Max: 0x00020000, ABSOLUTE)

    Exec Addr    Load Addr    Size         Type   Attr      Idx    E Section Name        Object

    0x20000000   0x0800165c   0x00000014   Data   RW            7    .data               main.o
    0x20000014   0x08001670   0x00000018   Data   RW          129    .data               ov7670.o
    0x2000002c   0x08001688   0x00000010   Data   RW         4489    .data               stm32f4xx_rcc.o
    0x2000003c        -       0x0000c600   Zero   RW          127    .bss                ov7670.o
    0x2000c63c        -       0x00000060   Zero   RW         5262    .bss                c_w.l(libspace.o)
    0x2000c69c   0x08001698   0x00000004   PAD
    0x2000c6a0        -       0x00000200   Zero   RW         5019    HEAP                startup_stm32f40_41xxx.o
    0x2000c8a0        -       0x00000400   Zero   RW         5018    STACK               startup_stm32f40_41xxx.o


==============================================================================

Image component sizes


      Code (inc. data)   RO Data    RW Data    ZI Data      Debug   Object Name

       336         44          0         20          0     298424   main.o
       140         24          0          0          0       2035   misc.o
      1822        108        366         24      50688      40032   ov7670.o
        64         26        392          0       1536        860   startup_stm32f40_41xxx.o
       236         34          0          0          0       4611   stm32f4xx_dcmi.o
       664         58          0          0          0       6047   stm32f4xx_dma.o
       240          0          0          0          0       4315   stm32f4xx_gpio.o
       448         54          0         16          0       8115   stm32f4xx_rcc.o
       344          8          0          0          0       4917   stm32f4xx_usart.o
       340         32          0          0          0       1757   system_stm32f4xx.o

    ----------------------------------------------------------------------
      4640        388        790         60      52224     371113   Object Totals
         0          0         32          0          0          0   (incl. Generated)
         6          0          0          0          0          0   (incl. Padding)

    ----------------------------------------------------------------------

      Code (inc. data)   RO Data    RW Data    ZI Data      Debug   Library Member Name

         8          0          0          0          0         68   __main.o
         0          0          0          0          0          0   __rtentry.o
        12          0          0          0          0          0   __rtentry2.o
         6          0          0          0          0          0   __rtentry4.o
        52          8          0          0          0          0   __scatter.o
        26          0          0          0          0          0   __scatter_copy.o
        28          0          0          0          0          0   __scatter_zi.o
        18          0          0          0          0         80   exit.o
         6          0          0          0          0        152   heapauxi.o
         0          0          0          0          0          0   indicate_semi.o
         2          0          0          0          0          0   libinit.o
         6          0          0          0          0          0   libinit2.o
         2          0          0          0          0          0   libshutdown.o
         2          0          0          0          0          0   libshutdown2.o
         8          4          0          0         96         68   libspace.o
         2          0          0          0          0          0   rtexit.o
        10          0          0          0          0          0   rtexit2.o
        12          4          0          0          0         68   sys_exit.o
        74          0          0          0          0         80   sys_stackheap_outer.o
         2          0          0          0          0         68   use_no_semi.o
        10          0          0          0          0        116   fpinit.o

    ----------------------------------------------------------------------
       294         16          0          0        100        700   Library Totals
         8          0          0          0          4          0   (incl. Padding)

    ----------------------------------------------------------------------

      Code (inc. data)   RO Data    RW Data    ZI Data      Debug   Library Name

       276         16          0          0         96        584   c_w.l
        10          0          0          0          0        116   fz_wm.l

    ----------------------------------------------------------------------
       294         16          0          0        100        700   Library Totals

    ----------------------------------------------------------------------

==============================================================================


      Code (inc. data)   RO Data    RW Data    ZI Data      Debug   

      4934        404        790         60      52324     366857   Grand Totals
      4934        404        790         60      52324     366857   ELF Image Totals
      4934        404        790         60          0          0   ROM Totals

==============================================================================

    Total RO  Size (Code + RO Data)                 5724 (   5.59kB)
    Total RW  Size (RW Data + ZI Data)             52384 (  51.16kB)
    Total ROM Size (Code + RO Data + RW Data)       5784 (   5.65kB)

==============================================================================

