<html>
<body>
<pre>
<h1>µVision Build Log</h1>
<h2>Tool Versions:</h2>
IDE-Version: µVision V5.28.0.0
Copyright (C) 2019 ARM Ltd and ARM Germany GmbH. All rights reserved.
License Information: furkan Çelik, Fçelik, LIC=7YKHL-0P3FY-MPLZP-MQ3J1-9LM2Q-J6C04
 
Tool Versions:
Toolchain:       MDK-ARM Professional  Version: 5.28.0.0
Toolchain Path:  C:\Keil_v5\ARM\ARMCC\Bin
C Compiler:      Armcc.exe V5.06 update 6 (build 750)
Assembler:       Armasm.exe V5.06 update 6 (build 750)
Linker/Locator:  ArmLink.exe V5.06 update 6 (build 750)
Library Manager: ArmAr.exe V5.06 update 6 (build 750)
Hex Converter:   FromElf.exe V5.06 update 6 (build 750)
CPU DLL:         SARMCM3.DLL V5.28.0.0
Dialog DLL:      DCM.DLL V1.17.3.0
Target DLL:      UL2CM3.DLL V1.162.16.0
Dialog DLL:      TCM.DLL V1.36.2.0
 
<h2>Project:</h2>
C:\Users\ABRA\Desktop\OV7670_STM32F407\cameradeneme_3.uvprojx
Project File Date:  03/01/2021

<h2>Output:</h2>
*** Using Compiler 'V5.06 update 6 (build 750)', folder: 'C:\Keil_v5\ARM\ARMCC\Bin'
Rebuild target 'Target 1'
compiling BasicMathFunctions.c...
compiling main.c...
compiling BayesFunctions.c...
compiling ov7670.c...
compiling ControllerFunctions.c...
compiling ComplexMathFunctions.c...
compiling FastMathFunctions.c...
compiling DistanceFunctions.c...
compiling CommonTables.c...
compiling MatrixFunctions.c...
compiling SVMFunctions.c...
compiling StatisticsFunctions.c...
compiling SupportFunctions.c...
compiling retarget_io.c...
compiling misc.c...
compiling TransformFunctions.c...
compiling FilteringFunctions.c...
compiling stm32f4xx_dcmi.c...
compiling stm32f4xx_dma.c...
compiling stm32f4xx_gpio.c...
compiling stm32f4xx_rcc.c...
assembling startup_stm32f40_41xxx.s...
compiling stm32f4xx_syscfg.c...
compiling stm32f4xx_usart.c...
compiling system_stm32f4xx.c...
linking...
Program Size: Code=4934 RO-data=790 RW-data=60 ZI-data=52324  
".\Objects\cameradeneme_3.axf" - 0 Error(s), 0 Warning(s).

<h2>Software Packages used:</h2>

Package Vendor: ARM
                http://www.keil.com/pack/ARM.CMSIS.5.7.0.pack
                ARM.CMSIS.5.7.0
                CMSIS (Cortex Microcontroller Software Interface Standard)
   * Component: CORE Version: 5.4.0
   * Component: DSP Variant: Source Version: 1.8.0

Package Vendor: Keil
                http://www.keil.com/pack/Keil.ARM_Compiler.1.6.1.pack
                Keil.ARM_Compiler.1.6.1
                Keil ARM Compiler extensions for ARM Compiler 5 and ARM Compiler 6
   * Component: STDERR Variant: Breakpoint Version: 1.2.0
   * Component: STDIN Variant: Breakpoint Version: 1.2.0
   * Component: STDOUT Variant: Breakpoint Version: 1.2.0

Package Vendor: Keil
                http://www.keil.com/pack/Keil.STM32F4xx_DFP.1.0.8.pack
                Keil.STM32F4xx_DFP.1.0.8
                STMicroelectronics STM32F4 Series Device Support, Drivers and Examples
   * Component: Startup Version: 1.3.1
   * Component: DCMI Version: 1.3.0
   * Component: DMA Version: 1.3.0
   * Component: Framework Version: 1.3.1
   * Component: GPIO Version: 1.3.0
   * Component: RCC Version: 1.3.0
   * Component: SYSCFG Version: 1.3.0
   * Component: USART Version: 1.3.0

<h2>Collection of Component include folders:</h2>
  .\RTE\Device\STM32F407VG
  .\RTE\_Target_1
  C:\Users\ABRA\AppData\Local\Arm\Packs\ARM\CMSIS\5.7.0\CMSIS\Core\Include
  C:\Users\ABRA\AppData\Local\Arm\Packs\ARM\CMSIS\5.7.0\CMSIS\DSP\Include
  C:\Users\ABRA\AppData\Local\Arm\Packs\ARM\CMSIS\5.7.0\CMSIS\DSP\PrivateInclude
  C:\Users\ABRA\AppData\Local\Arm\Packs\Keil\STM32F4xx_DFP\1.0.8\Device\Include
  C:\Users\ABRA\AppData\Local\Arm\Packs\Keil\STM32F4xx_DFP\1.0.8\Device\StdPeriph_Driver\inc

<h2>Collection of Component Files used:</h2>

   * Component: ARM::CMSIS:CORE:5.4.0

   * Component: ARM::CMSIS:DSP:Source:1.8.0
      Source file:   CMSIS\DSP\Source\BasicMathFunctions\BasicMathFunctions.c
      Source file:   CMSIS\DSP\Source\BayesFunctions\BayesFunctions.c
      Source file:   CMSIS\DSP\Source\CommonTables\CommonTables.c
      Include file:  CMSIS\DSP\Include\arm_math.h
      Source file:   CMSIS\DSP\Source\SVMFunctions\SVMFunctions.c
      Source file:   CMSIS\DSP\Source\MatrixFunctions\MatrixFunctions.c
      Source file:   CMSIS\DSP\Source\DistanceFunctions\DistanceFunctions.c
      Source file:   CMSIS\DSP\Source\StatisticsFunctions\StatisticsFunctions.c
      Source file:   CMSIS\DSP\Source\ControllerFunctions\ControllerFunctions.c
      Source file:   CMSIS\DSP\Source\TransformFunctions\TransformFunctions.c
      Source file:   CMSIS\DSP\Source\ComplexMathFunctions\ComplexMathFunctions.c
      Source file:   CMSIS\DSP\Source\FilteringFunctions\FilteringFunctions.c
      Source file:   CMSIS\DSP\Source\SupportFunctions\SupportFunctions.c
      Source file:   CMSIS\DSP\Source\FastMathFunctions\FastMathFunctions.c

   * Component: Keil.ARM Compiler::Compiler:I/O:STDERR:Breakpoint:1.2.0
      Source file:   Source\retarget_io.c

   * Component: Keil.ARM Compiler::Compiler:I/O:STDIN:Breakpoint:1.2.0
      Source file:   Source\retarget_io.c

   * Component: Keil.ARM Compiler::Compiler:I/O:STDOUT:Breakpoint:1.2.0
      Source file:   Source\retarget_io.c

   * Component: Keil::Device:Startup:1.3.1
      Source file:   Device\Source\ARM\STM32F40xxx_41xxx_OPT.s
      Source file:   Device\Source\ARM\STM32F4xx_OTP.s
      Include file:  Device\Include\stm32f4xx.h
      Include file:  RTE_Driver\Config\RTE_Device.h
      Source file:   Device\Source\system_stm32f4xx.c
      Source file:   Device\Source\ARM\startup_stm32f40_41xxx.s

   * Component: Keil::Device:StdPeriph Drivers:DCMI:1.3.0
      Include file:  Device\StdPeriph_Driver\inc\stm32f4xx_dcmi.h
      Source file:   Device\StdPeriph_Driver\src\stm32f4xx_dcmi.c

   * Component: Keil::Device:StdPeriph Drivers:DMA:1.3.0
      Include file:  Device\StdPeriph_Driver\inc\stm32f4xx_dma.h
      Source file:   Device\StdPeriph_Driver\src\stm32f4xx_dma.c

   * Component: Keil::Device:StdPeriph Drivers:Framework:1.3.1
      Source file:   Device\StdPeriph_Driver\templates\stm32f4xx_conf.h
      Source file:   Device\StdPeriph_Driver\src\misc.c
      Source file:   Device\StdPeriph_Driver\templates\stm32f4xx_it.c
      Include file:  Device\StdPeriph_Driver\templates\stm32f4xx_it.h

   * Component: Keil::Device:StdPeriph Drivers:GPIO:1.3.0
      Include file:  Device\StdPeriph_Driver\inc\stm32f4xx_gpio.h
      Source file:   Device\StdPeriph_Driver\src\stm32f4xx_gpio.c

   * Component: Keil::Device:StdPeriph Drivers:RCC:1.3.0
      Include file:  Device\StdPeriph_Driver\inc\stm32f4xx_rcc.h
      Source file:   Device\StdPeriph_Driver\src\stm32f4xx_rcc.c

   * Component: Keil::Device:StdPeriph Drivers:SYSCFG:1.3.0
      Include file:  Device\StdPeriph_Driver\inc\stm32f4xx_syscfg.h
      Source file:   Device\StdPeriph_Driver\src\stm32f4xx_syscfg.c

   * Component: Keil::Device:StdPeriph Drivers:USART:1.3.0
      Include file:  Device\StdPeriph_Driver\inc\stm32f4xx_usart.h
      Source file:   Device\StdPeriph_Driver\src\stm32f4xx_usart.c
Build Time Elapsed:  00:00:05
</pre>
</body>
</html>
